Archive member included to satisfy reference by file (symbol)

c:/ac6/systemworkbench/plugins/fr.ac6.mcu.externaltools.arm-none.win32_1.17.0.201812190825/tools/compiler/bin/../lib/gcc/arm-none-eabi/7.3.1/thumb/v7e-m/fpv4-sp/hard\libgcc.a(_aeabi_uldivmod.o)
                              Drivers/STM32F7xx_HAL_Driver/Src/stm32f7xx_hal_rcc.o (__aeabi_uldivmod)
c:/ac6/systemworkbench/plugins/fr.ac6.mcu.externaltools.arm-none.win32_1.17.0.201812190825/tools/compiler/bin/../lib/gcc/arm-none-eabi/7.3.1/thumb/v7e-m/fpv4-sp/hard\libgcc.a(_udivmoddi4.o)
                              c:/ac6/systemworkbench/plugins/fr.ac6.mcu.externaltools.arm-none.win32_1.17.0.201812190825/tools/compiler/bin/../lib/gcc/arm-none-eabi/7.3.1/thumb/v7e-m/fpv4-sp/hard\libgcc.a(_aeabi_uldivmod.o) (__udivmoddi4)
c:/ac6/systemworkbench/plugins/fr.ac6.mcu.externaltools.arm-none.win32_1.17.0.201812190825/tools/compiler/bin/../lib/gcc/arm-none-eabi/7.3.1/thumb/v7e-m/fpv4-sp/hard\libgcc.a(_dvmd_tls.o)
                              c:/ac6/systemworkbench/plugins/fr.ac6.mcu.externaltools.arm-none.win32_1.17.0.201812190825/tools/compiler/bin/../lib/gcc/arm-none-eabi/7.3.1/thumb/v7e-m/fpv4-sp/hard\libgcc.a(_aeabi_uldivmod.o) (__aeabi_ldiv0)
c:/ac6/systemworkbench/plugins/fr.ac6.mcu.externaltools.arm-none.win32_1.17.0.201812190825/tools/compiler/bin/../lib/gcc/arm-none-eabi/7.3.1/../../../../arm-none-eabi/lib/thumb/v7e-m/fpv4-sp/hard\libc_nano.a(lib_a-errno.o)
                              Core/Src/syscalls.o (__errno)
c:/ac6/systemworkbench/plugins/fr.ac6.mcu.externaltools.arm-none.win32_1.17.0.201812190825/tools/compiler/bin/../lib/gcc/arm-none-eabi/7.3.1/../../../../arm-none-eabi/lib/thumb/v7e-m/fpv4-sp/hard\libc_nano.a(lib_a-exit.o)
                              c:/ac6/systemworkbench/plugins/fr.ac6.mcu.externaltools.arm-none.win32_1.17.0.201812190825/tools/compiler/bin/../lib/gcc/arm-none-eabi/7.3.1/../../../../arm-none-eabi/lib/thumb/v7e-m/fpv4-sp/hard/crt0.o (exit)
c:/ac6/systemworkbench/plugins/fr.ac6.mcu.externaltools.arm-none.win32_1.17.0.201812190825/tools/compiler/bin/../lib/gcc/arm-none-eabi/7.3.1/../../../../arm-none-eabi/lib/thumb/v7e-m/fpv4-sp/hard\libc_nano.a(lib_a-impure.o)
                              c:/ac6/systemworkbench/plugins/fr.ac6.mcu.externaltools.arm-none.win32_1.17.0.201812190825/tools/compiler/bin/../lib/gcc/arm-none-eabi/7.3.1/../../../../arm-none-eabi/lib/thumb/v7e-m/fpv4-sp/hard\libc_nano.a(lib_a-exit.o) (_global_impure_ptr)
c:/ac6/systemworkbench/plugins/fr.ac6.mcu.externaltools.arm-none.win32_1.17.0.201812190825/tools/compiler/bin/../lib/gcc/arm-none-eabi/7.3.1/../../../../arm-none-eabi/lib/thumb/v7e-m/fpv4-sp/hard\libc_nano.a(lib_a-init.o)
                              c:/ac6/systemworkbench/plugins/fr.ac6.mcu.externaltools.arm-none.win32_1.17.0.201812190825/tools/compiler/bin/../lib/gcc/arm-none-eabi/7.3.1/../../../../arm-none-eabi/lib/thumb/v7e-m/fpv4-sp/hard/crt0.o (__libc_init_array)
c:/ac6/systemworkbench/plugins/fr.ac6.mcu.externaltools.arm-none.win32_1.17.0.201812190825/tools/compiler/bin/../lib/gcc/arm-none-eabi/7.3.1/../../../../arm-none-eabi/lib/thumb/v7e-m/fpv4-sp/hard\libc_nano.a(lib_a-malloc.o)
                              Middlewares/ST/STM32_USB_Device_Library/Class/CDC/Src/usbd_cdc.o (malloc)
c:/ac6/systemworkbench/plugins/fr.ac6.mcu.externaltools.arm-none.win32_1.17.0.201812190825/tools/compiler/bin/../lib/gcc/arm-none-eabi/7.3.1/../../../../arm-none-eabi/lib/thumb/v7e-m/fpv4-sp/hard\libc_nano.a(lib_a-memset.o)
                              c:/ac6/systemworkbench/plugins/fr.ac6.mcu.externaltools.arm-none.win32_1.17.0.201812190825/tools/compiler/bin/../lib/gcc/arm-none-eabi/7.3.1/../../../../arm-none-eabi/lib/thumb/v7e-m/fpv4-sp/hard/crt0.o (memset)
c:/ac6/systemworkbench/plugins/fr.ac6.mcu.externaltools.arm-none.win32_1.17.0.201812190825/tools/compiler/bin/../lib/gcc/arm-none-eabi/7.3.1/../../../../arm-none-eabi/lib/thumb/v7e-m/fpv4-sp/hard\libc_nano.a(lib_a-nano-freer.o)
                              c:/ac6/systemworkbench/plugins/fr.ac6.mcu.externaltools.arm-none.win32_1.17.0.201812190825/tools/compiler/bin/../lib/gcc/arm-none-eabi/7.3.1/../../../../arm-none-eabi/lib/thumb/v7e-m/fpv4-sp/hard\libc_nano.a(lib_a-malloc.o) (_free_r)
c:/ac6/systemworkbench/plugins/fr.ac6.mcu.externaltools.arm-none.win32_1.17.0.201812190825/tools/compiler/bin/../lib/gcc/arm-none-eabi/7.3.1/../../../../arm-none-eabi/lib/thumb/v7e-m/fpv4-sp/hard\libc_nano.a(lib_a-nano-mallocr.o)
                              c:/ac6/systemworkbench/plugins/fr.ac6.mcu.externaltools.arm-none.win32_1.17.0.201812190825/tools/compiler/bin/../lib/gcc/arm-none-eabi/7.3.1/../../../../arm-none-eabi/lib/thumb/v7e-m/fpv4-sp/hard\libc_nano.a(lib_a-malloc.o) (_malloc_r)
c:/ac6/systemworkbench/plugins/fr.ac6.mcu.externaltools.arm-none.win32_1.17.0.201812190825/tools/compiler/bin/../lib/gcc/arm-none-eabi/7.3.1/../../../../arm-none-eabi/lib/thumb/v7e-m/fpv4-sp/hard\libc_nano.a(lib_a-sbrkr.o)
[...]
Memory Configuration

Name             Origin             Length             Attributes
RAM              0x20000000         0x00050000         xrw
FLASH            0x08000000         0x00100000         xr
*default*        0x00000000         0xffffffff

Linker script and memory map

LOAD c:/ac6/systemworkbench/plugins/fr.ac6.mcu.externaltools.arm-none.win32_1.17.0.201812190825/tools/compiler/bin/../lib/gcc/arm-none-eabi/7.3.1/thumb/v7e-m/fpv4-sp/hard/crti.o
LOAD c:/ac6/systemworkbench/plugins/fr.ac6.mcu.externaltools.arm-none.win32_1.17.0.201812190825/tools/compiler/bin/../lib/gcc/arm-none-eabi/7.3.1/thumb/v7e-m/fpv4-sp/hard/crtbegin.o
LOAD c:/ac6/systemworkbench/plugins/fr.ac6.mcu.externaltools.arm-none.win32_1.17.0.201812190825/tools/compiler/bin/../lib/gcc/arm-none-eabi/7.3.1/../../../../arm-none-eabi/lib/thumb/v7e-m/fpv4-sp/hard/crt0.o
LOAD Core/Src/main.o
LOAD Core/Src/stm32f7xx_hal_msp.o
LOAD Core/Src/stm32f7xx_it.o
LOAD Core/Src/syscalls.o
LOAD Core/Src/system_stm32f7xx.o
LOAD Drivers/STM32F7xx_HAL_Driver/Src/stm32f7xx_hal.o
LOAD Drivers/STM32F7xx_HAL_Driver/Src/stm32f7xx_hal_cortex.o
LOAD Drivers/STM32F7xx_HAL_Driver/Src/stm32f7xx_hal_dma.o
LOAD Drivers/STM32F7xx_HAL_Driver/Src/stm32f7xx_hal_dma_ex.o
LOAD Drivers/STM32F7xx_HAL_Driver/Src/stm32f7xx_hal_exti.o
LOAD Drivers/STM32F7xx_HAL_Driver/Src/stm32f7xx_hal_flash.o
LOAD Drivers/STM32F7xx_HAL_Driver/Src/stm32f7xx_hal_flash_ex.o
LOAD Drivers/STM32F7xx_HAL_Driver/Src/stm32f7xx_hal_gpio.o
LOAD Drivers/STM32F7xx_HAL_Driver/Src/stm32f7xx_hal_i2c.o
LOAD Drivers/STM32F7xx_HAL_Driver/Src/stm32f7xx_hal_i2c_ex.o
LOAD Drivers/STM32F7xx_HAL_Driver/Src/stm32f7xx_hal_pcd.o
LOAD Drivers/STM32F7xx_HAL_Driver/Src/stm32f7xx_hal_pcd_ex.o
LOAD Drivers/STM32F7xx_HAL_Driver/Src/stm32f7xx_hal_pwr.o
LOAD Drivers/STM32F7xx_HAL_Driver/Src/stm32f7xx_hal_pwr_ex.o
LOAD Drivers/STM32F7xx_HAL_Driver/Src/stm32f7xx_hal_rcc.o
LOAD Drivers/STM32F7xx_HAL_Driver/Src/stm32f7xx_hal_rcc_ex.o
LOAD Drivers/STM32F7xx_HAL_Driver/Src/stm32f7xx_hal_sd.o
LOAD Drivers/STM32F7xx_HAL_Driver/Src/stm32f7xx_hal_tim.o
LOAD Drivers/STM32F7xx_HAL_Driver/Src/stm32f7xx_hal_tim_ex.o
LOAD Drivers/STM32F7xx_HAL_Driver/Src/stm32f7xx_ll_sdmmc.o
LOAD Drivers/STM32F7xx_HAL_Driver/Src/stm32f7xx_ll_usb.o
LOAD FATFS/App/fatfs.o
LOAD FATFS/Target/bsp_driver_sd.o
LOAD FATFS/Target/sd_diskio.o
LOAD Middlewares/ST/STM32_USB_Device_Library/Class/CDC/Src/usbd_cdc.o
LOAD Middlewares/ST/STM32_USB_Device_Library/Core/Src/usbd_core.o
LOAD Middlewares/ST/STM32_USB_Device_Library/Core/Src/usbd_ctlreq.o
LOAD Middlewares/ST/STM32_USB_Device_Library/Core/Src/usbd_ioreq.o
LOAD Middlewares/Third_Party/FatFs/src/diskio.o
LOAD Middlewares/Third_Party/FatFs/src/ff.o
LOAD Middlewares/Third_Party/FatFs/src/ff_gen_drv.o
LOAD Middlewares/Third_Party/FatFs/src/option/syscall.o
LOAD USB_DEVICE/App/usb_device.o
LOAD USB_DEVICE/App/usbd_cdc_if.o
LOAD USB_DEVICE/App/usbd_desc.o
LOAD USB_DEVICE/Target/usbd_conf.o
LOAD startup/startup_stm32f746xx.o
LOAD c:/ac6/systemworkbench/plugins/fr.ac6.mcu.externaltools.arm-none.win32_1.17.0.201812190825/tools/compiler/bin/../lib/gcc/arm-none-eabi/7.3.1/../../../../arm-none-eabi/lib/thumb/v7e-m/fpv4-sp/hard\libm.a
START GROUP
LOAD c:/ac6/systemworkbench/plugins/fr.ac6.mcu.externaltools.arm-none.win32_1.17.0.201812190825/tools/compiler/bin/../lib/gcc/arm-none-eabi/7.3.1/thumb/v7e-m/fpv4-sp/hard\libgcc.a
LOAD c:/ac6/systemworkbench/plugins/fr.ac6.mcu.externaltools.arm-none.win32_1.17.0.201812190825/tools/compiler/bin/../lib/gcc/arm-none-eabi/7.3.1/../../../../arm-none-eabi/lib/thumb/v7e-m/fpv4-sp/hard\libc_nano.a
END GROUP
START GROUP
LOAD c:/ac6/systemworkbench/plugins/fr.ac6.mcu.externaltools.arm-none.win32_1.17.0.201812190825/tools/compiler/bin/../lib/gcc/arm-none-eabi/7.3.1/thumb/v7e-m/fpv4-sp/hard\libgcc.a
LOAD c:/ac6/systemworkbench/plugins/fr.ac6.mcu.externaltools.arm-none.win32_1.17.0.201812190825/tools/compiler/bin/../lib/gcc/arm-none-eabi/7.3.1/../../../../arm-none-eabi/lib/thumb/v7e-m/fpv4-sp/hard\libc_nano.a
LOAD c:/ac6/systemworkbench/plugins/fr.ac6.mcu.externaltools.arm-none.win32_1.17.0.201812190825/tools/compiler/bin/../lib/gcc/arm-none-eabi/7.3.1/../../../../arm-none-eabi/lib/thumb/v7e-m/fpv4-sp/hard\libnosys.a
END GROUP
START GROUP
LOAD c:/ac6/systemworkbench/plugins/fr.ac6.mcu.externaltools.arm-none.win32_1.17.0.201812190825/tools/compiler/bin/../lib/gcc/arm-none-eabi/7.3.1/thumb/v7e-m/fpv4-sp/hard\libgcc.a
LOAD c:/ac6/systemworkbench/plugins/fr.ac6.mcu.externaltools.arm-none.win32_1.17.0.201812190825/tools/compiler/bin/../lib/gcc/arm-none-eabi/7.3.1/../../../../arm-none-eabi/lib/thumb/v7e-m/fpv4-sp/hard\libc_nano.a
LOAD c:/ac6/systemworkbench/plugins/fr.ac6.mcu.externaltools.arm-none.win32_1.17.0.201812190825/tools/compiler/bin/../lib/gcc/arm-none-eabi/7.3.1/../../../../arm-none-eabi/lib/thumb/v7e-m/fpv4-sp/hard\libnosys.a
END GROUP
LOAD c:/ac6/systemworkbench/plugins/fr.ac6.mcu.externaltools.arm-none.win32_1.17.0.201812190825/tools/compiler/bin/../lib/gcc/arm-none-eabi/7.3.1/thumb/v7e-m/fpv4-sp/hard/crtend.o
LOAD c:/ac6/systemworkbench/plugins/fr.ac6.mcu.externaltools.arm-none.win32_1.17.0.201812190825/tools/compiler/bin/../lib/gcc/arm-none-eabi/7.3.1/thumb/v7e-m/fpv4-sp/hard/crtn.o
                0x20050000                _estack = 0x20050000
                0x00000200                _Min_Heap_Size = 0x200
                0x00000400                _Min_Stack_Size = 0x400

.isr_vector     0x08000000      0x1c8
                0x08000000                . = ALIGN (0x4)
 *(.isr_vector)
 .isr_vector    0x08000000      0x1c8 startup/startup_stm32f746xx.o
                0x08000000                g_pfnVectors
                0x080001c8                . = ALIGN (0x4)

.text           0x080001c8     0x5518
                0x080001c8                . = ALIGN (0x4)
 *(.text)
 .text          0x080001c8       0x40 c:/ac6/systemworkbench/plugins/fr.ac6.mcu.externaltools.arm-none.win32_1.17.0.201812190825/tools/compiler/bin/../lib/gcc/arm-none-eabi/7.3.1/thumb/v7e-m/fpv4-sp/hard/crtbegin.o
 .text          0x08000208       0x30 c:/ac6/systemworkbench/plugins/fr.ac6.mcu.externaltools.arm-none.win32_1.17.0.201812190825/tools/compiler/bin/../lib/gcc/arm-none-eabi/7.3.1/thumb/v7e-m/fpv4-sp/hard\libgcc.a(_aeabi_uldivmod.o)
                0x08000208                __aeabi_uldivmod
 .text          0x08000238      0x2cc c:/ac6/systemworkbench/plugins/fr.ac6.mcu.externaltools.arm-none.win32_1.17.0.201812190825/tools/compiler/bin/../lib/gcc/arm-none-eabi/7.3.1/thumb/v7e-m/fpv4-sp/hard\libgcc.a(_udivmoddi4.o)
                0x08000238                __udivmoddi4
 .text          0x08000504        0x4 c:/ac6/systemworkbench/plugins/fr.ac6.mcu.externaltools.arm-none.win32_1.17.0.201812190825/tools/compiler/bin/../lib/gcc/arm-none-eabi/7.3.1/thumb/v7e-m/fpv4-sp/hard\libgcc.a(_dvmd_tls.o)
                0x08000504                __aeabi_idiv0
                0x08000504                __aeabi_ldiv0
 *(.text*)
 .text.MX_SDMMC1_SD_Init
                0x08000508       0x20 Core/Src/main.o
 .text.MX_GPIO_Init
                0x08000528      0x190 Core/Src/main.o
 .text.Error_Handler
                0x080006b8        0x4 Core/Src/main.o
                0x080006b8                Error_Handler
 .text.SystemClock_Config
                0x080006bc       0xd4 Core/Src/main.o
                0x080006bc                SystemClock_Config
 .text.main     0x08000790       0x28 Core/Src/main.o
                0x08000790                main
 .text.HAL_MspInit
                0x080007b8       0x30 Core/Src/stm32f7xx_hal_msp.o
                0x080007b8                HAL_MspInit
 .text.HAL_SD_MspInit
                0x080007e8       0x98 Core/Src/stm32f7xx_hal_msp.o
                0x080007e8                HAL_SD_MspInit
 .text.NMI_Handler
                0x08000880        0x2 Core/Src/stm32f7xx_it.o
                0x08000880                NMI_Handler
 .text.HardFault_Handler
                0x08000882        0x2 Core/Src/stm32f7xx_it.o
                0x08000882                HardFault_Handler
 .text.MemManage_Handler
                0x08000884        0x2 Core/Src/stm32f7xx_it.o
                0x08000884                MemManage_Handler
 .text.BusFault_Handler
                0x08000886        0x2 Core/Src/stm32f7xx_it.o
                0x08000886                BusFault_Handler
 .text.UsageFault_Handler
                0x08000888        0x2 Core/Src/stm32f7xx_it.o
                0x08000888                UsageFault_Handler
 .text.SVC_Handler
                0x0800088a        0x2 Core/Src/stm32f7xx_it.o
                0x0800088a                SVC_Handler
 .text.DebugMon_Handler
                0x0800088c        0x2 Core/Src/stm32f7xx_it.o
                0x0800088c                DebugMon_Handler
 .text.PendSV_Handler
                0x0800088e        0x2 Core/Src/stm32f7xx_it.o
                0x0800088e                PendSV_Handler
 .text.SysTick_Handler
                0x08000890        0x8 Core/Src/stm32f7xx_it.o
                0x08000890                SysTick_Handler
 .text.OTG_FS_IRQHandler
                0x08000898       0x10 Core/Src/stm32f7xx_it.o
                0x08000898                OTG_FS_IRQHandler
 .text._sbrk    0x080008a8       0x3c Core/Src/syscalls.o
                0x080008a8                _sbrk
 .text.SystemInit
                0x080008e4       0x14 Core/Src/system_stm32f7xx.o
                0x080008e4                SystemInit
 .text.HAL_InitTick
                0x080008f8       0x48 Drivers/STM32F7xx_HAL_Driver/Src/stm32f7xx_hal.o
                0x080008f8                HAL_InitTick
 .text.HAL_Init
                0x08000940       0x16 Drivers/STM32F7xx_HAL_Driver/Src/stm32f7xx_hal.o
                0x08000940                HAL_Init
 *fill*         0x08000956        0x2 
 .text.HAL_IncTick
                0x08000958       0x18 Drivers/STM32F7xx_HAL_Driver/Src/stm32f7xx_hal.o
                0x08000958                HAL_IncTick
 .text.HAL_GetTick
                0x08000970        0xc Drivers/STM32F7xx_HAL_Driver/Src/stm32f7xx_hal.o
                0x08000970                HAL_GetTick
 .text.HAL_Delay
                0x0800097c       0x28 Drivers/STM32F7xx_HAL_Driver/Src/stm32f7xx_hal.o
                0x0800097c                HAL_Delay
 .text.HAL_NVIC_SetPriorityGrouping
                0x080009a4       0x24 Drivers/STM32F7xx_HAL_Driver/Src/stm32f7xx_hal_cortex.o
                0x080009a4                HAL_NVIC_SetPriorityGrouping
 .text.HAL_NVIC_SetPriority
                0x080009c8       0x64 Drivers/STM32F7xx_HAL_Driver/Src/stm32f7xx_hal_cortex.o
                0x080009c8                HAL_NVIC_SetPriority
 .text.HAL_NVIC_EnableIRQ
                0x08000a2c       0x1c Drivers/STM32F7xx_HAL_Driver/Src/stm32f7xx_hal_cortex.o
                0x08000a2c                HAL_NVIC_EnableIRQ
 .text.HAL_SYSTICK_Config
                0x08000a48       0x2c Drivers/STM32F7xx_HAL_Driver/Src/stm32f7xx_hal_cortex.o
                0x08000a48                HAL_SYSTICK_Config
 .text.HAL_GPIO_Init
                0x08000a74      0x1dc Drivers/STM32F7xx_HAL_Driver/Src/stm32f7xx_hal_gpio.o
                0x08000a74                HAL_GPIO_Init
 .text.HAL_GPIO_WritePin
                0x08000c50        0xc Drivers/STM32F7xx_HAL_Driver/Src/stm32f7xx_hal_gpio.o
                0x08000c50                HAL_GPIO_WritePin
 .text.PCD_WriteEmptyTxFifo
                0x08000c5c       0xd4 Drivers/STM32F7xx_HAL_Driver/Src/stm32f7xx_hal_pcd.o
 .text.HAL_PCD_Init
                0x08000d30      0x130 Drivers/STM32F7xx_HAL_Driver/Src/stm32f7xx_hal_pcd.o
                0x08000d30                HAL_PCD_Init
 .text.HAL_PCD_Start
                0x08000e60       0x2a Drivers/STM32F7xx_HAL_Driver/Src/stm32f7xx_hal_pcd.o
                0x08000e60                HAL_PCD_Start
 *fill*         0x08000e8a        0x2 
 .text.PCD_EP_OutXfrComplete_int
                0x08000e8c      0x100 Drivers/STM32F7xx_HAL_Driver/Src/stm32f7xx_hal_pcd.o
 .text.PCD_EP_OutSetupPacket_int
                0x08000f8c       0x50 Drivers/STM32F7xx_HAL_Driver/Src/stm32f7xx_hal_pcd.o
 .text.HAL_PCD_IRQHandler
                0x08000fdc      0x4e8 Drivers/STM32F7xx_HAL_Driver/Src/stm32f7xx_hal_pcd.o
                0x08000fdc                HAL_PCD_IRQHandler
 .text.HAL_PCD_SetAddress
                0x080014c4       0x28 Drivers/STM32F7xx_HAL_Driver/Src/stm32f7xx_hal_pcd.o
                0x080014c4                HAL_PCD_SetAddress
 .text.HAL_PCD_EP_Open
                0x080014ec       0x82 Drivers/STM32F7xx_HAL_Driver/Src/stm32f7xx_hal_pcd.o
                0x080014ec                HAL_PCD_EP_Open
 .text.HAL_PCD_EP_Close
                0x0800156e       0x6e Drivers/STM32F7xx_HAL_Driver/Src/stm32f7xx_hal_pcd.o
                0x0800156e                HAL_PCD_EP_Close
 .text.HAL_PCD_EP_Receive
                0x080015dc       0x5c Drivers/STM32F7xx_HAL_Driver/Src/stm32f7xx_hal_pcd.o
                0x080015dc                HAL_PCD_EP_Receive
 .text.HAL_PCD_EP_GetRxCount
                0x08001638       0x12 Drivers/STM32F7xx_HAL_Driver/Src/stm32f7xx_hal_pcd.o
                0x08001638                HAL_PCD_EP_GetRxCount
 .text.HAL_PCD_EP_Transmit
                0x0800164a       0x54 Drivers/STM32F7xx_HAL_Driver/Src/stm32f7xx_hal_pcd.o
                0x0800164a                HAL_PCD_EP_Transmit
 .text.HAL_PCD_EP_SetStall
                0x0800169e       0x82 Drivers/STM32F7xx_HAL_Driver/Src/stm32f7xx_hal_pcd.o
                0x0800169e                HAL_PCD_EP_SetStall
 .text.HAL_PCD_EP_ClrStall
                0x08001720       0x6e Drivers/STM32F7xx_HAL_Driver/Src/stm32f7xx_hal_pcd.o
                0x08001720                HAL_PCD_EP_ClrStall
 .text.HAL_PCDEx_SetTxFiFo
                0x0800178e       0x48 Drivers/STM32F7xx_HAL_Driver/Src/stm32f7xx_hal_pcd_ex.o
                0x0800178e                HAL_PCDEx_SetTxFiFo
 .text.HAL_PCDEx_SetRxFiFo
                0x080017d6        0x8 Drivers/STM32F7xx_HAL_Driver/Src/stm32f7xx_hal_pcd_ex.o
                0x080017d6                HAL_PCDEx_SetRxFiFo
 *fill*         0x080017de        0x2 
 .text.HAL_PCDEx_ActivateLPM
                0x080017e0       0x28 Drivers/STM32F7xx_HAL_Driver/Src/stm32f7xx_hal_pcd_ex.o
                0x080017e0                HAL_PCDEx_ActivateLPM
 .text.HAL_PWR_EnableBkUpAccess
                0x08001808       0x10 Drivers/STM32F7xx_HAL_Driver/Src/stm32f7xx_hal_pwr.o
                0x08001808                HAL_PWR_EnableBkUpAccess
 .text.HAL_PWREx_EnableOverDrive
                0x08001818       0x7c Drivers/STM32F7xx_HAL_Driver/Src/stm32f7xx_hal_pwr_ex.o
                0x08001818                HAL_PWREx_EnableOverDrive
 .text.HAL_RCC_OscConfig
                0x08001894      0x434 Drivers/STM32F7xx_HAL_Driver/Src/stm32f7xx_hal_rcc.o
                0x08001894                HAL_RCC_OscConfig
 .text.HAL_RCC_GetSysClockFreq
                0x08001cc8       0xd8 Drivers/STM32F7xx_HAL_Driver/Src/stm32f7xx_hal_rcc.o
                0x08001cc8                HAL_RCC_GetSysClockFreq
 .text.HAL_RCC_ClockConfig
                0x08001da0      0x168 Drivers/STM32F7xx_HAL_Driver/Src/stm32f7xx_hal_rcc.o
                0x08001da0                HAL_RCC_ClockConfig
 .text.HAL_RCC_GetHCLKFreq
                0x08001f08        0xc Drivers/STM32F7xx_HAL_Driver/Src/stm32f7xx_hal_rcc.o
                0x08001f08                HAL_RCC_GetHCLKFreq
 .text.HAL_RCCEx_PeriphCLKConfig
                0x08001f14      0x5a4 Drivers/STM32F7xx_HAL_Driver/Src/stm32f7xx_hal_rcc_ex.o
                0x08001f14                HAL_RCCEx_PeriphCLKConfig
 .text.SD_PowerON
                0x080024b8       0xc0 Drivers/STM32F7xx_HAL_Driver/Src/stm32f7xx_hal_sd.o
 .text.SD_SendStatus
                0x08002578       0x2c Drivers/STM32F7xx_HAL_Driver/Src/stm32f7xx_hal_sd.o
 .text.HAL_SD_ReadBlocks
                0x080025a4      0x240 Drivers/STM32F7xx_HAL_Driver/Src/stm32f7xx_hal_sd.o
                0x080025a4                HAL_SD_ReadBlocks
 .text.HAL_SD_WriteBlocks
                0x080027e4      0x1f0 Drivers/STM32F7xx_HAL_Driver/Src/stm32f7xx_hal_sd.o
                0x080027e4                HAL_SD_WriteBlocks
 .text.HAL_SD_GetCardCSD
                0x080029d4      0x1bc Drivers/STM32F7xx_HAL_Driver/Src/stm32f7xx_hal_sd.o
                0x080029d4                HAL_SD_GetCardCSD
 .text.SD_InitCard
                0x08002b90      0x100 Drivers/STM32F7xx_HAL_Driver/Src/stm32f7xx_hal_sd.o
 .text.HAL_SD_InitCard
                0x08002c90       0xa8 Drivers/STM32F7xx_HAL_Driver/Src/stm32f7xx_hal_sd.o
                0x08002c90                HAL_SD_InitCard
 .text.HAL_SD_Init
                0x08002d38       0x3e Drivers/STM32F7xx_HAL_Driver/Src/stm32f7xx_hal_sd.o
                0x08002d38                HAL_SD_Init
 .text.HAL_SD_GetCardInfo
                0x08002d76       0x24 Drivers/STM32F7xx_HAL_Driver/Src/stm32f7xx_hal_sd.o
                0x08002d76                HAL_SD_GetCardInfo
 .text.HAL_SD_GetCardState
                0x08002d9a       0x26 Drivers/STM32F7xx_HAL_Driver/Src/stm32f7xx_hal_sd.o
                0x08002d9a                HAL_SD_GetCardState
 .text.SDMMC_GetCmdError
                0x08002dc0       0x38 Drivers/STM32F7xx_HAL_Driver/Src/stm32f7xx_ll_sdmmc.o
 .text.SDMMC_GetCmdResp2
                0x08002df8       0x60 Drivers/STM32F7xx_HAL_Driver/Src/stm32f7xx_ll_sdmmc.o
 .text.SDMMC_GetCmdResp3
                0x08002e58       0x50 Drivers/STM32F7xx_HAL_Driver/Src/stm32f7xx_ll_sdmmc.o
 .text.SDMMC_GetCmdResp7
                0x08002ea8       0x6c Drivers/STM32F7xx_HAL_Driver/Src/stm32f7xx_ll_sdmmc.o
 .text.SDMMC_Init
                0x08002f14       0x38 Drivers/STM32F7xx_HAL_Driver/Src/stm32f7xx_ll_sdmmc.o
                0x08002f14                SDMMC_Init
 .text.SDMMC_ReadFIFO
                0x08002f4c        0x6 Drivers/STM32F7xx_HAL_Driver/Src/stm32f7xx_ll_sdmmc.o
                0x08002f4c                SDMMC_ReadFIFO
 .text.SDMMC_WriteFIFO
                0x08002f52        0xa Drivers/STM32F7xx_HAL_Driver/Src/stm32f7xx_ll_sdmmc.o
                0x08002f52                SDMMC_WriteFIFO
 .text.SDMMC_PowerState_ON
                0x08002f5c       0x10 Drivers/STM32F7xx_HAL_Driver/Src/stm32f7xx_ll_sdmmc.o
                0x08002f5c                SDMMC_PowerState_ON
 .text.SDMMC_GetPowerState
                0x08002f6c        0x8 Drivers/STM32F7xx_HAL_Driver/Src/stm32f7xx_ll_sdmmc.o
                0x08002f6c                SDMMC_GetPowerState
 .text.SDMMC_SendCommand
                0x08002f74       0x24 Drivers/STM32F7xx_HAL_Driver/Src/stm32f7xx_ll_sdmmc.o
                0x08002f74                SDMMC_SendCommand
 .text.SDMMC_GetCommandResponse
                0x08002f98        0x6 Drivers/STM32F7xx_HAL_Driver/Src/stm32f7xx_ll_sdmmc.o
                0x08002f98                SDMMC_GetCommandResponse
 .text.SDMMC_GetResponse
                0x08002f9e        0x6 Drivers/STM32F7xx_HAL_Driver/Src/stm32f7xx_ll_sdmmc.o
                0x08002f9e                SDMMC_GetResponse
 .text.SDMMC_GetCmdResp1
                0x08002fa4      0x158 Drivers/STM32F7xx_HAL_Driver/Src/stm32f7xx_ll_sdmmc.o
 .text.SDMMC_GetCmdResp6
                0x080030fc       0xa4 Drivers/STM32F7xx_HAL_Driver/Src/stm32f7xx_ll_sdmmc.o
 .text.SDMMC_ConfigData
                0x080031a0       0x24 Drivers/STM32F7xx_HAL_Driver/Src/stm32f7xx_ll_sdmmc.o
                0x080031a0                SDMMC_ConfigData
 .text.SDMMC_CmdBlockLength
                0x080031c4       0x30 Drivers/STM32F7xx_HAL_Driver/Src/stm32f7xx_ll_sdmmc.o
                0x080031c4                SDMMC_CmdBlockLength
 .text.SDMMC_CmdReadSingleBlock
                0x080031f4       0x30 Drivers/STM32F7xx_HAL_Driver/Src/stm32f7xx_ll_sdmmc.o
                0x080031f4                SDMMC_CmdReadSingleBlock
 .text.SDMMC_CmdReadMultiBlock
                0x08003224       0x30 Drivers/STM32F7xx_HAL_Driver/Src/stm32f7xx_ll_sdmmc.o
                0x08003224                SDMMC_CmdReadMultiBlock
 .text.SDMMC_CmdWriteSingleBlock
                0x08003254       0x30 Drivers/STM32F7xx_HAL_Driver/Src/stm32f7xx_ll_sdmmc.o
                0x08003254                SDMMC_CmdWriteSingleBlock
 .text.SDMMC_CmdWriteMultiBlock
                0x08003284       0x30 Drivers/STM32F7xx_HAL_Driver/Src/stm32f7xx_ll_sdmmc.o
                0x08003284                SDMMC_CmdWriteMultiBlock
 .text.SDMMC_CmdStopTransfer
                0x080032b4       0x34 Drivers/STM32F7xx_HAL_Driver/Src/stm32f7xx_ll_sdmmc.o
                0x080032b4                SDMMC_CmdStopTransfer
 .text.SDMMC_CmdSelDesel
                0x080032e8       0x30 Drivers/STM32F7xx_HAL_Driver/Src/stm32f7xx_ll_sdmmc.o
                0x080032e8                SDMMC_CmdSelDesel
 .text.SDMMC_CmdGoIdleState
                0x08003318       0x26 Drivers/STM32F7xx_HAL_Driver/Src/stm32f7xx_ll_sdmmc.o
                0x08003318                SDMMC_CmdGoIdleState
 .text.SDMMC_CmdOperCond
                0x0800333e       0x2e Drivers/STM32F7xx_HAL_Driver/Src/stm32f7xx_ll_sdmmc.o
                0x0800333e                SDMMC_CmdOperCond
 .text.SDMMC_CmdAppCommand
                0x0800336c       0x30 Drivers/STM32F7xx_HAL_Driver/Src/stm32f7xx_ll_sdmmc.o
                0x0800336c                SDMMC_CmdAppCommand
 .text.SDMMC_CmdAppOperCommand
                0x0800339c       0x34 Drivers/STM32F7xx_HAL_Driver/Src/stm32f7xx_ll_sdmmc.o
                0x0800339c                SDMMC_CmdAppOperCommand
 .text.SDMMC_CmdSendCID
                0x080033d0       0x2a Drivers/STM32F7xx_HAL_Driver/Src/stm32f7xx_ll_sdmmc.o
                0x080033d0                SDMMC_CmdSendCID
 .text.SDMMC_CmdSendCSD
                0x080033fa       0x2a Drivers/STM32F7xx_HAL_Driver/Src/stm32f7xx_ll_sdmmc.o
                0x080033fa                SDMMC_CmdSendCSD
 .text.SDMMC_CmdSetRelAdd
                0x08003424       0x30 Drivers/STM32F7xx_HAL_Driver/Src/stm32f7xx_ll_sdmmc.o
                0x08003424                SDMMC_CmdSetRelAdd
 .text.SDMMC_CmdSendStatus
                0x08003454       0x30 Drivers/STM32F7xx_HAL_Driver/Src/stm32f7xx_ll_sdmmc.o
                0x08003454                SDMMC_CmdSendStatus
 .text.USB_CoreReset
                0x08003484       0x3c Drivers/STM32F7xx_HAL_Driver/Src/stm32f7xx_ll_usb.o
 .text.USB_CoreInit
                0x080034c0       0x7c Drivers/STM32F7xx_HAL_Driver/Src/stm32f7xx_ll_usb.o
                0x080034c0                USB_CoreInit
 .text.USB_SetTurnaroundTime
                0x0800353c       0xec Drivers/STM32F7xx_HAL_Driver/Src/stm32f7xx_ll_usb.o
                0x0800353c                USB_SetTurnaroundTime
 .text.USB_EnableGlobalInt
                0x08003628        0xc Drivers/STM32F7xx_HAL_Driver/Src/stm32f7xx_ll_usb.o
                0x08003628                USB_EnableGlobalInt
 .text.USB_DisableGlobalInt
                0x08003634        0xc Drivers/STM32F7xx_HAL_Driver/Src/stm32f7xx_ll_usb.o
                0x08003634                USB_DisableGlobalInt
 .text.USB_SetCurrentMode
                0x08003640       0x30 Drivers/STM32F7xx_HAL_Driver/Src/stm32f7xx_ll_usb.o
                0x08003640                USB_SetCurrentMode
 .text.USB_FlushTxFifo
                0x08003670       0x28 Drivers/STM32F7xx_HAL_Driver/Src/stm32f7xx_ll_usb.o
                0x08003670                USB_FlushTxFifo
 .text.USB_FlushRxFifo
                0x08003698       0x24 Drivers/STM32F7xx_HAL_Driver/Src/stm32f7xx_ll_usb.o
                0x08003698                USB_FlushRxFifo
 .text.USB_SetDevSpeed
                0x080036bc        0xe Drivers/STM32F7xx_HAL_Driver/Src/stm32f7xx_ll_usb.o
                0x080036bc                USB_SetDevSpeed
 *fill*         0x080036ca        0x2 
 .text.USB_DevInit
                0x080036cc      0x1a4 Drivers/STM32F7xx_HAL_Driver/Src/stm32f7xx_ll_usb.o
                0x080036cc                USB_DevInit
 .text.USB_GetDevSpeed
                0x08003870       0x1e Drivers/STM32F7xx_HAL_Driver/Src/stm32f7xx_ll_usb.o
                0x08003870                USB_GetDevSpeed
 *fill*         0x0800388e        0x2 
 .text.USB_ActivateEndpoint
                0x08003890       0x90 Drivers/STM32F7xx_HAL_Driver/Src/stm32f7xx_ll_usb.o
                0x08003890                USB_ActivateEndpoint
 .text.USB_DeactivateEndpoint
                0x08003920       0xdc Drivers/STM32F7xx_HAL_Driver/Src/stm32f7xx_ll_usb.o
                0x08003920                USB_DeactivateEndpoint
 .text.USB_EP0StartXfer
                0x080039fc      0x118 Drivers/STM32F7xx_HAL_Driver/Src/stm32f7xx_ll_usb.o
                0x080039fc                USB_EP0StartXfer
 .text.USB_WritePacket
                0x08003b14       0x28 Drivers/STM32F7xx_HAL_Driver/Src/stm32f7xx_ll_usb.o
                0x08003b14                USB_WritePacket
 .text.USB_EPStartXfer
                0x08003b3c      0x218 Drivers/STM32F7xx_HAL_Driver/Src/stm32f7xx_ll_usb.o
                0x08003b3c                USB_EPStartXfer
 .text.USB_ReadPacket
                0x08003d54       0x28 Drivers/STM32F7xx_HAL_Driver/Src/stm32f7xx_ll_usb.o
                0x08003d54                USB_ReadPacket
 .text.USB_EPSetStall
                0x08003d7c       0x5a Drivers/STM32F7xx_HAL_Driver/Src/stm32f7xx_ll_usb.o
                0x08003d7c                USB_EPSetStall
 .text.USB_EPClearStall
                0x08003dd6       0x5c Drivers/STM32F7xx_HAL_Driver/Src/stm32f7xx_ll_usb.o
                0x08003dd6                USB_EPClearStall
 .text.USB_SetDevAddress
                0x08003e32       0x20 Drivers/STM32F7xx_HAL_Driver/Src/stm32f7xx_ll_usb.o
                0x08003e32                USB_SetDevAddress
 .text.USB_DevConnect
                0x08003e52       0x1c Drivers/STM32F7xx_HAL_Driver/Src/stm32f7xx_ll_usb.o
                0x08003e52                USB_DevConnect
 .text.USB_DevDisconnect
                0x08003e6e       0x1c Drivers/STM32F7xx_HAL_Driver/Src/stm32f7xx_ll_usb.o
                0x08003e6e                USB_DevDisconnect
 .text.USB_ReadInterrupts
                0x08003e8a        0x8 Drivers/STM32F7xx_HAL_Driver/Src/stm32f7xx_ll_usb.o
                0x08003e8a                USB_ReadInterrupts
 .text.USB_ReadDevAllOutEpInterrupt
                0x08003e92       0x10 Drivers/STM32F7xx_HAL_Driver/Src/stm32f7xx_ll_usb.o
                0x08003e92                USB_ReadDevAllOutEpInterrupt
 .text.USB_ReadDevAllInEpInterrupt
                0x08003ea2       0x10 Drivers/STM32F7xx_HAL_Driver/Src/stm32f7xx_ll_usb.o
                0x08003ea2                USB_ReadDevAllInEpInterrupt
 .text.USB_ReadDevOutEPInterrupt
                0x08003eb2       0x12 Drivers/STM32F7xx_HAL_Driver/Src/stm32f7xx_ll_usb.o
                0x08003eb2                USB_ReadDevOutEPInterrupt
 .text.USB_ReadDevInEPInterrupt
                0x08003ec4       0x28 Drivers/STM32F7xx_HAL_Driver/Src/stm32f7xx_ll_usb.o
                0x08003ec4                USB_ReadDevInEPInterrupt
 .text.USB_GetMode
                0x08003eec        0x8 Drivers/STM32F7xx_HAL_Driver/Src/stm32f7xx_ll_usb.o
                0x08003eec                USB_GetMode
 .text.USB_ActivateSetup
                0x08003ef4       0x20 Drivers/STM32F7xx_HAL_Driver/Src/stm32f7xx_ll_usb.o
                0x08003ef4                USB_ActivateSetup
 .text.USB_EP0_OutStart
                0x08003f14       0x60 Drivers/STM32F7xx_HAL_Driver/Src/stm32f7xx_ll_usb.o
                0x08003f14                USB_EP0_OutStart
 .text.MX_FATFS_Init
                0x08003f74       0x1c FATFS/App/fatfs.o
                0x08003f74                MX_FATFS_Init
 .text.BSP_SD_ReadBlocks
                0x08003f90       0x20 FATFS/Target/bsp_driver_sd.o
                0x08003f90                BSP_SD_ReadBlocks
 .text.BSP_SD_WriteBlocks
                0x08003fb0       0x20 FATFS/Target/bsp_driver_sd.o
                0x08003fb0                BSP_SD_WriteBlocks
 .text.BSP_SD_GetCardState
                0x08003fd0       0x14 FATFS/Target/bsp_driver_sd.o
                0x08003fd0                BSP_SD_GetCardState
 .text.BSP_SD_GetCardInfo
                0x08003fe4       0x10 FATFS/Target/bsp_driver_sd.o
                0x08003fe4                BSP_SD_GetCardInfo
 .text.BSP_SD_IsDetected
                0x08003ff4       0x10 FATFS/Target/bsp_driver_sd.o
                0x08003ff4                BSP_SD_IsDetected
 .text.BSP_SD_Init
                0x08004004       0x1c FATFS/Target/bsp_driver_sd.o
                0x08004004                BSP_SD_Init
 .text.SD_CheckStatus
                0x08004020       0x24 FATFS/Target/sd_diskio.o
 .text.SD_initialize
                0x08004044       0x28 FATFS/Target/sd_diskio.o
                0x08004044                SD_initialize
 .text.SD_status
                0x0800406c        0x8 FATFS/Target/sd_diskio.o
                0x0800406c                SD_status
 .text.SD_read  0x08004074       0x20 FATFS/Target/sd_diskio.o
                0x08004074                SD_read
 .text.SD_write
                0x08004094       0x20 FATFS/Target/sd_diskio.o
                0x08004094                SD_write
 .text.SD_ioctl
                0x080040b4       0x5c FATFS/Target/sd_diskio.o
                0x080040b4                SD_ioctl
 .text.USBD_CDC_EP0_RxReady
                0x08004110       0x28 Middlewares/ST/STM32_USB_Device_Library/Class/CDC/Src/usbd_cdc.o
 .text.USBD_CDC_GetFSCfgDesc
                0x08004138        0xc Middlewares/ST/STM32_USB_Device_Library/Class/CDC/Src/usbd_cdc.o
 .text.USBD_CDC_GetHSCfgDesc
                0x08004144        0xc Middlewares/ST/STM32_USB_Device_Library/Class/CDC/Src/usbd_cdc.o
 .text.USBD_CDC_GetOtherSpeedCfgDesc
                0x08004150        0xc Middlewares/ST/STM32_USB_Device_Library/Class/CDC/Src/usbd_cdc.o
 .text.USBD_CDC_GetDeviceQualifierDescriptor
                0x0800415c        0xc Middlewares/ST/STM32_USB_Device_Library/Class/CDC/Src/usbd_cdc.o
                0x0800415c                USBD_CDC_GetDeviceQualifierDescriptor
 .text.USBD_CDC_DataOut
                0x08004168       0x2a Middlewares/ST/STM32_USB_Device_Library/Class/CDC/Src/usbd_cdc.o
 .text.USBD_CDC_DataIn
                0x08004192       0x66 Middlewares/ST/STM32_USB_Device_Library/Class/CDC/Src/usbd_cdc.o
 .text.USBD_CDC_Setup
                0x080041f8       0xe8 Middlewares/ST/STM32_USB_Device_Library/Class/CDC/Src/usbd_cdc.o
 .text.USBD_CDC_DeInit
                0x080042e0       0x48 Middlewares/ST/STM32_USB_Device_Library/Class/CDC/Src/usbd_cdc.o
 .text.USBD_CDC_Init
                0x08004328       0xc2 Middlewares/ST/STM32_USB_Device_Library/Class/CDC/Src/usbd_cdc.o
 .text.USBD_CDC_RegisterInterface
                0x080043ea        0xe Middlewares/ST/STM32_USB_Device_Library/Class/CDC/Src/usbd_cdc.o
                0x080043ea                USBD_CDC_RegisterInterface
 .text.USBD_CDC_SetTxBuffer
                0x080043f8       0x10 Middlewares/ST/STM32_USB_Device_Library/Class/CDC/Src/usbd_cdc.o
                0x080043f8                USBD_CDC_SetTxBuffer
 .text.USBD_CDC_SetRxBuffer
                0x08004408        0xc Middlewares/ST/STM32_USB_Device_Library/Class/CDC/Src/usbd_cdc.o
                0x08004408                USBD_CDC_SetRxBuffer
 .text.USBD_CDC_TransmitPacket
                0x08004414       0x34 Middlewares/ST/STM32_USB_Device_Library/Class/CDC/Src/usbd_cdc.o
                0x08004414                USBD_CDC_TransmitPacket
 .text.USBD_CDC_ReceivePacket
                0x08004448       0x32 Middlewares/ST/STM32_USB_Device_Library/Class/CDC/Src/usbd_cdc.o
                0x08004448                USBD_CDC_ReceivePacket
 .text.USBD_Init
                0x0800447a       0x38 Middlewares/ST/STM32_USB_Device_Library/Core/Src/usbd_core.o
                0x0800447a                USBD_Init
 .text.USBD_RegisterClass
                0x080044b2       0x28 Middlewares/ST/STM32_USB_Device_Library/Core/Src/usbd_core.o
                0x080044b2                USBD_RegisterClass
 .text.USBD_Start
                0x080044da        0x8 Middlewares/ST/STM32_USB_Device_Library/Core/Src/usbd_core.o
                0x080044da                USBD_Start
 .text.USBD_SetClassConfig
                0x080044e2       0x12 Middlewares/ST/STM32_USB_Device_Library/Core/Src/usbd_core.o
                0x080044e2                USBD_SetClassConfig
 .text.USBD_ClrClassConfig
                0x080044f4       0x10 Middlewares/ST/STM32_USB_Device_Library/Core/Src/usbd_core.o
                0x080044f4                USBD_ClrClassConfig
 .text.USBD_LL_SetupStage
                0x08004504       0x58 Middlewares/ST/STM32_USB_Device_Library/Core/Src/usbd_core.o
                0x08004504                USBD_LL_SetupStage
 .text.USBD_LL_DataOutStage
                0x0800455c       0x72 Middlewares/ST/STM32_USB_Device_Library/Core/Src/usbd_core.o
                0x0800455c                USBD_LL_DataOutStage
 .text.USBD_LL_DataInStage
                0x080045ce       0xb6 Middlewares/ST/STM32_USB_Device_Library/Core/Src/usbd_core.o
                0x080045ce                USBD_LL_DataInStage
 .text.USBD_LL_Reset
                0x08004684       0x52 Middlewares/ST/STM32_USB_Device_Library/Core/Src/usbd_core.o
                0x08004684                USBD_LL_Reset
 .text.USBD_LL_SetSpeed
                0x080046d6        0x6 Middlewares/ST/STM32_USB_Device_Library/Core/Src/usbd_core.o
                0x080046d6                USBD_LL_SetSpeed
 .text.USBD_LL_Suspend
                0x080046dc       0x12 Middlewares/ST/STM32_USB_Device_Library/Core/Src/usbd_core.o
                0x080046dc                USBD_LL_Suspend
 .text.USBD_LL_Resume
                0x080046ee       0x16 Middlewares/ST/STM32_USB_Device_Library/Core/Src/usbd_core.o
                0x080046ee                USBD_LL_Resume
 .text.USBD_LL_SOF
                0x08004704       0x1c Middlewares/ST/STM32_USB_Device_Library/Core/Src/usbd_core.o
                0x08004704                USBD_LL_SOF
 .text.USBD_LL_IsoINIncomplete
                0x08004720        0x4 Middlewares/ST/STM32_USB_Device_Library/Core/Src/usbd_core.o
                0x08004720                USBD_LL_IsoINIncomplete
 .text.USBD_LL_IsoOUTIncomplete
                0x08004724        0x4 Middlewares/ST/STM32_USB_Device_Library/Core/Src/usbd_core.o
                0x08004724                USBD_LL_IsoOUTIncomplete
 .text.USBD_LL_DevConnected
                0x08004728        0x4 Middlewares/ST/STM32_USB_Device_Library/Core/Src/usbd_core.o
                0x08004728                USBD_LL_DevConnected
 .text.USBD_LL_DevDisconnected
                0x0800472c       0x18 Middlewares/ST/STM32_USB_Device_Library/Core/Src/usbd_core.o
                0x0800472c                USBD_LL_DevDisconnected
 .text.USBD_GetLen
                0x08004744       0x14 Middlewares/ST/STM32_USB_Device_Library/Core/Src/usbd_ctlreq.o
 .text.USBD_SetFeature
                0x08004758       0x14 Middlewares/ST/STM32_USB_Device_Library/Core/Src/usbd_ctlreq.o
 .text.USBD_ParseSetupRequest
                0x0800476c       0x28 Middlewares/ST/STM32_USB_Device_Library/Core/Src/usbd_ctlreq.o
                0x0800476c                USBD_ParseSetupRequest
 .text.USBD_CtlError
                0x08004794       0x14 Middlewares/ST/STM32_USB_Device_Library/Core/Src/usbd_ctlreq.o
                0x08004794                USBD_CtlError
 .text.USBD_GetDescriptor
                0x080047a8      0x1ac Middlewares/ST/STM32_USB_Device_Library/Core/Src/usbd_ctlreq.o
 .text.USBD_SetAddress
                0x08004954       0x4e Middlewares/ST/STM32_USB_Device_Library/Core/Src/usbd_ctlreq.o
 *fill*         0x080049a2        0x2 
 .text.USBD_SetConfig
                0x080049a4       0xc8 Middlewares/ST/STM32_USB_Device_Library/Core/Src/usbd_ctlreq.o
 .text.USBD_GetConfig
                0x08004a6c       0x3c Middlewares/ST/STM32_USB_Device_Library/Core/Src/usbd_ctlreq.o
 .text.USBD_GetStatus
                0x08004aa8       0x38 Middlewares/ST/STM32_USB_Device_Library/Core/Src/usbd_ctlreq.o
 .text.USBD_ClrFeature
                0x08004ae0       0x26 Middlewares/ST/STM32_USB_Device_Library/Core/Src/usbd_ctlreq.o
 .text.USBD_StdDevReq
                0x08004b06       0x76 Middlewares/ST/STM32_USB_Device_Library/Core/Src/usbd_ctlreq.o
                0x08004b06                USBD_StdDevReq
 .text.USBD_StdItfReq
                0x08004b7c       0x68 Middlewares/ST/STM32_USB_Device_Library/Core/Src/usbd_ctlreq.o
                0x08004b7c                USBD_StdItfReq
 .text.USBD_StdEPReq
                0x08004be4      0x230 Middlewares/ST/STM32_USB_Device_Library/Core/Src/usbd_ctlreq.o
                0x08004be4                USBD_StdEPReq
 .text.USBD_GetString
                0x08004e14       0x38 Middlewares/ST/STM32_USB_Device_Library/Core/Src/usbd_ctlreq.o
                0x08004e14                USBD_GetString
 .text.USBD_CtlSendData
                0x08004e4c       0x1a Middlewares/ST/STM32_USB_Device_Library/Core/Src/usbd_ioreq.o
                0x08004e4c                USBD_CtlSendData
 .text.USBD_CtlContinueSendData
                0x08004e66       0x10 Middlewares/ST/STM32_USB_Device_Library/Core/Src/usbd_ioreq.o
                0x08004e66                USBD_CtlContinueSendData
 .text.USBD_CtlPrepareRx
                0x08004e76       0x1e Middlewares/ST/STM32_USB_Device_Library/Core/Src/usbd_ioreq.o
                0x08004e76                USBD_CtlPrepareRx
 .text.USBD_CtlContinueRx
                0x08004e94       0x10 Middlewares/ST/STM32_USB_Device_Library/Core/Src/usbd_ioreq.o
                0x08004e94                USBD_CtlContinueRx
 .text.USBD_CtlSendStatus
                0x08004ea4       0x16 Middlewares/ST/STM32_USB_Device_Library/Core/Src/usbd_ioreq.o
                0x08004ea4                USBD_CtlSendStatus
 .text.USBD_CtlReceiveStatus
                0x08004eba       0x16 Middlewares/ST/STM32_USB_Device_Library/Core/Src/usbd_ioreq.o
                0x08004eba                USBD_CtlReceiveStatus
 .text.FATFS_LinkDriverEx
                0x08004ed0       0x48 Middlewares/Third_Party/FatFs/src/ff_gen_drv.o
                0x08004ed0                FATFS_LinkDriverEx
 .text.FATFS_LinkDriver
                0x08004f18        0xa Middlewares/Third_Party/FatFs/src/ff_gen_drv.o
                0x08004f18                FATFS_LinkDriver
 *fill*         0x08004f22        0x2 
 .text.MX_USB_DEVICE_Init
                0x08004f24       0x54 USB_DEVICE/App/usb_device.o
                0x08004f24                MX_USB_DEVICE_Init
 .text.CDC_DeInit_FS
                0x08004f78        0x4 USB_DEVICE/App/usbd_cdc_if.o
 .text.CDC_Control_FS
                0x08004f7c       0x30 USB_DEVICE/App/usbd_cdc_if.o
 .text.CDC_TransmitCplt_FS
                0x08004fac        0x4 USB_DEVICE/App/usbd_cdc_if.o
 .text.CDC_Receive_FS
                0x08004fb0       0x1c USB_DEVICE/App/usbd_cdc_if.o
 .text.CDC_Init_FS
                0x08004fcc       0x28 USB_DEVICE/App/usbd_cdc_if.o
 .text.CDC_Transmit_FS
                0x08004ff4       0x2c USB_DEVICE/App/usbd_cdc_if.o
                0x08004ff4                CDC_Transmit_FS
 .text.USBD_FS_DeviceDescriptor
                0x08005020        0xc USB_DEVICE/App/usbd_desc.o
                0x08005020                USBD_FS_DeviceDescriptor
 .text.USBD_FS_LangIDStrDescriptor
                0x0800502c        0xc USB_DEVICE/App/usbd_desc.o
                0x0800502c                USBD_FS_LangIDStrDescriptor
 .text.USBD_FS_USR_BOSDescriptor
                0x08005038        0xc USB_DEVICE/App/usbd_desc.o
                0x08005038                USBD_FS_USR_BOSDescriptor
 .text.IntToUnicode
                0x08005044       0x36 USB_DEVICE/App/usbd_desc.o
 *fill*         0x0800507a        0x2 
 .text.Get_SerialNum
                0x0800507c       0x38 USB_DEVICE/App/usbd_desc.o
 .text.USBD_FS_SerialStrDescriptor
                0x080050b4       0x14 USB_DEVICE/App/usbd_desc.o
                0x080050b4                USBD_FS_SerialStrDescriptor
 .text.USBD_FS_ProductStrDescriptor
                0x080050c8       0x24 USB_DEVICE/App/usbd_desc.o
                0x080050c8                USBD_FS_ProductStrDescriptor
 .text.USBD_FS_ManufacturerStrDescriptor
                0x080050ec       0x1c USB_DEVICE/App/usbd_desc.o
                0x080050ec                USBD_FS_ManufacturerStrDescriptor
 .text.USBD_FS_ConfigStrDescriptor
                0x08005108       0x24 USB_DEVICE/App/usbd_desc.o
                0x08005108                USBD_FS_ConfigStrDescriptor
 .text.USBD_FS_InterfaceStrDescriptor
                0x0800512c       0x24 USB_DEVICE/App/usbd_desc.o
                0x0800512c                USBD_FS_InterfaceStrDescriptor
 .text.SystemClockConfig_Resume
                0x08005150        0x8 USB_DEVICE/Target/usbd_conf.o
 .text.HAL_PCD_MspInit
                0x08005158       0xa0 USB_DEVICE/Target/usbd_conf.o
                0x08005158                HAL_PCD_MspInit
 .text.HAL_PCD_SetupStageCallback
                0x080051f8       0x10 USB_DEVICE/Target/usbd_conf.o
                0x080051f8                HAL_PCD_SetupStageCallback
 .text.HAL_PCD_DataOutStageCallback
                0x08005208       0x18 USB_DEVICE/Target/usbd_conf.o
                0x08005208                HAL_PCD_DataOutStageCallback
 .text.HAL_PCD_DataInStageCallback
                0x08005220       0x16 USB_DEVICE/Target/usbd_conf.o
                0x08005220                HAL_PCD_DataInStageCallback
 .text.HAL_PCD_SOFCallback
                0x08005236        0xc USB_DEVICE/Target/usbd_conf.o
                0x08005236                HAL_PCD_SOFCallback
 .text.HAL_PCD_ResetCallback
                0x08005242       0x2c USB_DEVICE/Target/usbd_conf.o
                0x08005242                HAL_PCD_ResetCallback
 *fill*         0x0800526e        0x2 
 .text.HAL_PCD_SuspendCallback
                0x08005270       0x30 USB_DEVICE/Target/usbd_conf.o
                0x08005270                HAL_PCD_SuspendCallback
 .text.HAL_PCD_ResumeCallback
                0x080052a0        0xc USB_DEVICE/Target/usbd_conf.o
                0x080052a0                HAL_PCD_ResumeCallback
 .text.HAL_PCD_ISOOUTIncompleteCallback
                0x080052ac        0xc USB_DEVICE/Target/usbd_conf.o
                0x080052ac                HAL_PCD_ISOOUTIncompleteCallback
 .text.HAL_PCD_ISOINIncompleteCallback
                0x080052b8        0xc USB_DEVICE/Target/usbd_conf.o
                0x080052b8                HAL_PCD_ISOINIncompleteCallback
 .text.HAL_PCD_ConnectCallback
                0x080052c4        0xc USB_DEVICE/Target/usbd_conf.o
                0x080052c4                HAL_PCD_ConnectCallback
 .text.HAL_PCD_DisconnectCallback
                0x080052d0        0xc USB_DEVICE/Target/usbd_conf.o
                0x080052d0                HAL_PCD_DisconnectCallback
 .text.USBD_LL_Init
                0x080052dc       0x68 USB_DEVICE/Target/usbd_conf.o
                0x080052dc                USBD_LL_Init
 .text.USBD_LL_IsStallEP
                0x08005344       0x2e USB_DEVICE/Target/usbd_conf.o
                0x08005344                USBD_LL_IsStallEP
 .text.USBD_LL_GetRxDataSize
                0x08005372        0xc USB_DEVICE/Target/usbd_conf.o
                0x08005372                USBD_LL_GetRxDataSize
 *fill*         0x0800537e        0x2 
 .text.HAL_PCDEx_LPM_Callback
                0x08005380       0x64 USB_DEVICE/Target/usbd_conf.o
                0x08005380                HAL_PCDEx_LPM_Callback
 .text.USBD_Get_USB_Status
                0x080053e4       0x12 USB_DEVICE/Target/usbd_conf.o
                0x080053e4                USBD_Get_USB_Status
 .text.USBD_LL_Start
                0x080053f6       0x10 USB_DEVICE/Target/usbd_conf.o
                0x080053f6                USBD_LL_Start
 .text.USBD_LL_OpenEP
                0x08005406       0x16 USB_DEVICE/Target/usbd_conf.o
                0x08005406                USBD_LL_OpenEP
 .text.USBD_LL_CloseEP
                0x0800541c       0x10 USB_DEVICE/Target/usbd_conf.o
                0x0800541c                USBD_LL_CloseEP
 .text.USBD_LL_StallEP
                0x0800542c       0x10 USB_DEVICE/Target/usbd_conf.o
                0x0800542c                USBD_LL_StallEP
 .text.USBD_LL_ClearStallEP
                0x0800543c       0x10 USB_DEVICE/Target/usbd_conf.o
                0x0800543c                USBD_LL_ClearStallEP
 .text.USBD_LL_SetUSBAddress
                0x0800544c       0x10 USB_DEVICE/Target/usbd_conf.o
                0x0800544c                USBD_LL_SetUSBAddress
 .text.USBD_LL_Transmit
                0x0800545c       0x10 USB_DEVICE/Target/usbd_conf.o
                0x0800545c                USBD_LL_Transmit
 .text.USBD_LL_PrepareReceive
                0x0800546c       0x10 USB_DEVICE/Target/usbd_conf.o
                0x0800546c                USBD_LL_PrepareReceive
 .text.Reset_Handler
                0x0800547c       0x50 startup/startup_stm32f746xx.o
                0x0800547c                Reset_Handler
 .text.Default_Handler
                0x080054cc        0x2 startup/startup_stm32f746xx.o
                0x080054cc                RTC_Alarm_IRQHandler
                0x080054cc                EXTI2_IRQHandler
                0x080054cc                TIM8_CC_IRQHandler
                0x080054cc                UART8_IRQHandler
                0x080054cc                SPI4_IRQHandler
                0x080054cc                TIM1_CC_IRQHandler
                0x080054cc                DMA2_Stream5_IRQHandler
                0x080054cc                DMA1_Stream5_IRQHandler
                0x080054cc                PVD_IRQHandler
                0x080054cc                TAMP_STAMP_IRQHandler
                0x080054cc                CAN2_RX1_IRQHandler
                0x080054cc                EXTI3_IRQHandler
                0x080054cc                TIM8_TRG_COM_TIM14_IRQHandler
                0x080054cc                TIM1_UP_TIM10_IRQHandler
                0x080054cc                TIM8_UP_TIM13_IRQHandler
                0x080054cc                I2C3_ER_IRQHandler
                0x080054cc                EXTI0_IRQHandler
                0x080054cc                I2C2_EV_IRQHandler
                0x080054cc                DMA1_Stream2_IRQHandler
                0x080054cc                CAN1_RX0_IRQHandler
                0x080054cc                FPU_IRQHandler
                0x080054cc                OTG_HS_WKUP_IRQHandler
                0x080054cc                LTDC_ER_IRQHandler
                0x080054cc                CAN2_SCE_IRQHandler
                0x080054cc                DMA2_Stream2_IRQHandler
                0x080054cc                SPI1_IRQHandler
                0x080054cc                TIM6_DAC_IRQHandler
                0x080054cc                TIM1_BRK_TIM9_IRQHandler
                0x080054cc                DCMI_IRQHandler
                0x080054cc                CAN2_RX0_IRQHandler
                0x080054cc                DMA2_Stream3_IRQHandler
                0x080054cc                SAI2_IRQHandler
                0x080054cc                USART6_IRQHandler
                0x080054cc                USART3_IRQHandler
                0x080054cc                CAN1_RX1_IRQHandler
                0x080054cc                UART5_IRQHandler
                0x080054cc                DMA2_Stream0_IRQHandler
                0x080054cc                TIM4_IRQHandler
                0x080054cc                QUADSPI_IRQHandler
                0x080054cc                I2C1_EV_IRQHandler
                0x080054cc                DMA1_Stream6_IRQHandler
                0x080054cc                DMA1_Stream1_IRQHandler
                0x080054cc                UART4_IRQHandler
                0x080054cc                TIM3_IRQHandler
                0x080054cc                RCC_IRQHandler
                0x080054cc                TIM8_BRK_TIM12_IRQHandler
                0x080054cc                Default_Handler
                0x080054cc                CEC_IRQHandler
                0x080054cc                EXTI15_10_IRQHandler
                0x080054cc                ADC_IRQHandler
                0x080054cc                DMA1_Stream7_IRQHandler
                0x080054cc                SPI5_IRQHandler
                0x080054cc                TIM7_IRQHandler
                0x080054cc                SDMMC1_IRQHandler
                0x080054cc                CAN2_TX_IRQHandler
                0x080054cc                TIM5_IRQHandler
                0x080054cc                DMA2_Stream7_IRQHandler
                0x080054cc                I2C3_EV_IRQHandler
                0x080054cc                EXTI9_5_IRQHandler
                0x080054cc                RTC_WKUP_IRQHandler
                0x080054cc                LTDC_IRQHandler
                0x080054cc                ETH_WKUP_IRQHandler
                0x080054cc                SPDIF_RX_IRQHandler
                0x080054cc                SPI2_IRQHandler
                0x080054cc                OTG_HS_EP1_IN_IRQHandler
                0x080054cc                DMA1_Stream0_IRQHandler
                0x080054cc                CAN1_TX_IRQHandler
                0x080054cc                EXTI4_IRQHandler
                0x080054cc                RNG_IRQHandler
                0x080054cc                ETH_IRQHandler
                0x080054cc                OTG_HS_EP1_OUT_IRQHandler
                0x080054cc                WWDG_IRQHandler
                0x080054cc                SPI6_IRQHandler
                0x080054cc                I2C4_EV_IRQHandler
                0x080054cc                TIM2_IRQHandler
                0x080054cc                OTG_FS_WKUP_IRQHandler
                0x080054cc                TIM1_TRG_COM_TIM11_IRQHandler
                0x080054cc                OTG_HS_IRQHandler
                0x080054cc                DMA2D_IRQHandler
                0x080054cc                EXTI1_IRQHandler
                0x080054cc                UART7_IRQHandler
                0x080054cc                USART2_IRQHandler
                0x080054cc                I2C2_ER_IRQHandler
                0x080054cc                DMA2_Stream1_IRQHandler
                0x080054cc                CAN1_SCE_IRQHandler
                0x080054cc                FLASH_IRQHandler
                0x080054cc                DMA2_Stream4_IRQHandler
                0x080054cc                USART1_IRQHandler
                0x080054cc                SPI3_IRQHandler
                0x080054cc                DMA1_Stream4_IRQHandler
                0x080054cc                I2C1_ER_IRQHandler
                0x080054cc                FMC_IRQHandler
                0x080054cc                LPTIM1_IRQHandler
                0x080054cc                I2C4_ER_IRQHandler
                0x080054cc                DMA2_Stream6_IRQHandler
                0x080054cc                SAI1_IRQHandler
                0x080054cc                DMA1_Stream3_IRQHandler
 *fill*         0x080054ce        0x2 
 .text.__errno  0x080054d0        0xc c:/ac6/systemworkbench/plugins/fr.ac6.mcu.externaltools.arm-none.win32_1.17.0.201812190825/tools/compiler/bin/../lib/gcc/arm-none-eabi/7.3.1/../../../../arm-none-eabi/lib/thumb/v7e-m/fpv4-sp/hard\libc_nano.a(lib_a-errno.o)
                0x080054d0                __errno
 .text.__libc_init_array
                0x080054dc       0x48 c:/ac6/systemworkbench/plugins/fr.ac6.mcu.externaltools.arm-none.win32_1.17.0.201812190825/tools/compiler/bin/../lib/gcc/arm-none-eabi/7.3.1/../../../../arm-none-eabi/lib/thumb/v7e-m/fpv4-sp/hard\libc_nano.a(lib_a-init.o)
                0x080054dc                __libc_init_array
 .text.malloc   0x08005524       0x10 c:/ac6/systemworkbench/plugins/fr.ac6.mcu.externaltools.arm-none.win32_1.17.0.201812190825/tools/compiler/bin/../lib/gcc/arm-none-eabi/7.3.1/../../../../arm-none-eabi/lib/thumb/v7e-m/fpv4-sp/hard\libc_nano.a(lib_a-malloc.o)
                0x08005524                malloc
 .text.free     0x08005534       0x10 c:/ac6/systemworkbench/plugins/fr.ac6.mcu.externaltools.arm-none.win32_1.17.0.201812190825/tools/compiler/bin/../lib/gcc/arm-none-eabi/7.3.1/../../../../arm-none-eabi/lib/thumb/v7e-m/fpv4-sp/hard\libc_nano.a(lib_a-malloc.o)
                0x08005534                free
 .text.memset   0x08005544       0x10 c:/ac6/systemworkbench/plugins/fr.ac6.mcu.externaltools.arm-none.win32_1.17.0.201812190825/tools/compiler/bin/../lib/gcc/arm-none-eabi/7.3.1/../../../../arm-none-eabi/lib/thumb/v7e-m/fpv4-sp/hard\libc_nano.a(lib_a-memset.o)
                0x08005544                memset
 .text._free_r  0x08005554       0x9c c:/ac6/systemworkbench/plugins/fr.ac6.mcu.externaltools.arm-none.win32_1.17.0.201812190825/tools/compiler/bin/../lib/gcc/arm-none-eabi/7.3.1/../../../../arm-none-eabi/lib/thumb/v7e-m/fpv4-sp/hard\libc_nano.a(lib_a-nano-freer.o)
                0x08005554                _free_r
 .text._malloc_r
                0x080055f0       0xb4 c:/ac6/systemworkbench/plugins/fr.ac6.mcu.externaltools.arm-none.win32_1.17.0.201812190825/tools/compiler/bin/../lib/gcc/arm-none-eabi/7.3.1/../../../../arm-none-eabi/lib/thumb/v7e-m/fpv4-sp/hard\libc_nano.a(lib_a-nano-mallocr.o)
                0x080055f0                _malloc_r
 .text._sbrk_r  0x080056a4       0x20 c:/ac6/systemworkbench/plugins/fr.ac6.mcu.externaltools.arm-none.win32_1.17.0.201812190825/tools/compiler/bin/../lib/gcc/arm-none-eabi/7.3.1/../../../../arm-none-eabi/lib/thumb/v7e-m/fpv4-sp/hard\libc_nano.a(lib_a-sbrkr.o)
                0x080056a4                _sbrk_r
 .text.__malloc_lock
                0x080056c4        0x2 c:/ac6/systemworkbench/plugins/fr.ac6.mcu.externaltools.arm-none.win32_1.17.0.201812190825/tools/compiler/bin/../lib/gcc/arm-none-eabi/7.3.1/../../../../arm-none-eabi/lib/thumb/v7e-m/fpv4-sp/hard\libc_nano.a(lib_a-mlock.o)
                0x080056c4                __malloc_lock
 .text.__malloc_unlock
                0x080056c6        0x2 c:/ac6/systemworkbench/plugins/fr.ac6.mcu.externaltools.arm-none.win32_1.17.0.201812190825/tools/compiler/bin/../lib/gcc/arm-none-eabi/7.3.1/../../../../arm-none-eabi/lib/thumb/v7e-m/fpv4-sp/hard\libc_nano.a(lib_a-mlock.o)
                0x080056c6                __malloc_unlock
 *(.glue_7)
 .glue_7        0x080056c8        0x0 linker stubs
 *(.glue_7t)
 .glue_7t       0x080056c8        0x0 linker stubs
 *(.eh_frame)
 .eh_frame      0x080056c8        0x0 c:/ac6/systemworkbench/plugins/fr.ac6.mcu.externaltools.arm-none.win32_1.17.0.201812190825/tools/compiler/bin/../lib/gcc/arm-none-eabi/7.3.1/thumb/v7e-m/fpv4-sp/hard/crtbegin.o
 *(.init)
 .init          0x080056c8        0x4 c:/ac6/systemworkbench/plugins/fr.ac6.mcu.externaltools.arm-none.win32_1.17.0.201812190825/tools/compiler/bin/../lib/gcc/arm-none-eabi/7.3.1/thumb/v7e-m/fpv4-sp/hard/crti.o
                0x080056c8                _init
 .init          0x080056cc        0x8 c:/ac6/systemworkbench/plugins/fr.ac6.mcu.externaltools.arm-none.win32_1.17.0.201812190825/tools/compiler/bin/../lib/gcc/arm-none-eabi/7.3.1/thumb/v7e-m/fpv4-sp/hard/crtn.o
 *(.fini)
 .fini          0x080056d4        0x4 c:/ac6/systemworkbench/plugins/fr.ac6.mcu.externaltools.arm-none.win32_1.17.0.201812190825/tools/compiler/bin/../lib/gcc/arm-none-eabi/7.3.1/thumb/v7e-m/fpv4-sp/hard/crti.o
                0x080056d4                _fini
 .fini          0x080056d8        0x8 c:/ac6/systemworkbench/plugins/fr.ac6.mcu.externaltools.arm-none.win32_1.17.0.201812190825/tools/compiler/bin/../lib/gcc/arm-none-eabi/7.3.1/thumb/v7e-m/fpv4-sp/hard/crtn.o
                0x080056e0                . = ALIGN (0x4)
                0x080056e0                _etext = .

.vfp11_veneer   0x080056e0        0x0
 .vfp11_veneer  0x080056e0        0x0 linker stubs

.v4_bx          0x080056e0        0x0
 .v4_bx         0x080056e0        0x0 linker stubs

.iplt           0x080056e0        0x0
 .iplt          0x080056e0        0x0 c:/ac6/systemworkbench/plugins/fr.ac6.mcu.externaltools.arm-none.win32_1.17.0.201812190825/tools/compiler/bin/../lib/gcc/arm-none-eabi/7.3.1/thumb/v7e-m/fpv4-sp/hard/crtbegin.o

.rodata         0x080056e0       0x80
                0x080056e0                . = ALIGN (0x4)
 *(.rodata)
 .rodata        0x080056e0       0x18 Core/Src/system_stm32f7xx.o
                0x080056e0                AHBPrescTable
                0x080056f0                APBPrescTable
 .rodata        0x080056f8       0x14 FATFS/Target/sd_diskio.o
                0x080056f8                SD_Driver
 *(.rodata*)
 .rodata.str1.4
                0x0800570c        0x9 Core/Src/main.o
 *fill*         0x08005715        0x3 
 .rodata.str1.4
                0x08005718       0x48 USB_DEVICE/App/usbd_desc.o
                                 0x46 (size before relaxing)
                0x08005760                . = ALIGN (0x4)

.ARM.extab
 *(.ARM.extab* .gnu.linkonce.armextab.*)

.ARM            0x08005760        0x8
                0x08005760                __exidx_start = .
 *(.ARM.exidx*)
 .ARM.exidx     0x08005760        0x8 c:/ac6/systemworkbench/plugins/fr.ac6.mcu.externaltools.arm-none.win32_1.17.0.201812190825/tools/compiler/bin/../lib/gcc/arm-none-eabi/7.3.1/thumb/v7e-m/fpv4-sp/hard\libgcc.a(_udivmoddi4.o)
                0x08005768                __exidx_end = .

.rel.dyn        0x08005768        0x0
 .rel.iplt      0x08005768        0x0 c:/ac6/systemworkbench/plugins/fr.ac6.mcu.externaltools.arm-none.win32_1.17.0.201812190825/tools/compiler/bin/../lib/gcc/arm-none-eabi/7.3.1/thumb/v7e-m/fpv4-sp/hard/crtbegin.o

.preinit_array  0x08005768        0x0
                0x08005768                PROVIDE (__preinit_array_start = .)
 *(.preinit_array*)
                0x08005768                PROVIDE (__preinit_array_end = .)

.init_array     0x08005768        0x4
                0x08005768                PROVIDE (__init_array_start = .)
 *(SORT_BY_NAME(.init_array.*))
 *(.init_array*)
 .init_array    0x08005768        0x4 c:/ac6/systemworkbench/plugins/fr.ac6.mcu.externaltools.arm-none.win32_1.17.0.201812190825/tools/compiler/bin/../lib/gcc/arm-none-eabi/7.3.1/thumb/v7e-m/fpv4-sp/hard/crtbegin.o
                0x0800576c                PROVIDE (__init_array_end = .)

.fini_array     0x0800576c        0x4
                [!provide]                PROVIDE (__fini_array_start = .)
 *(SORT_BY_NAME(.fini_array.*))
 *(.fini_array*)
 .fini_array    0x0800576c        0x4 c:/ac6/systemworkbench/plugins/fr.ac6.mcu.externaltools.arm-none.win32_1.17.0.201812190825/tools/compiler/bin/../lib/gcc/arm-none-eabi/7.3.1/thumb/v7e-m/fpv4-sp/hard/crtbegin.o
                [!provide]                PROVIDE (__fini_array_end = .)
                0x08005770                _sidata = LOADADDR (.data)

.data           0x20000000      0x200 load address 0x08005770
                0x20000000                . = ALIGN (0x4)
                0x20000000                _sdata = .
 *(.data)
 .data          0x20000000        0x4 Core/Src/system_stm32f7xx.o
                0x20000000                SystemCoreClock
 .data          0x20000004        0x8 Drivers/STM32F7xx_HAL_Driver/Src/stm32f7xx_hal.o
                0x20000004                uwTickFreq
                0x20000008                uwTickPrio
 .data          0x2000000c        0x1 FATFS/Target/sd_diskio.o
 *fill*         0x2000000d        0x3 
 .data          0x20000010      0x110 Middlewares/ST/STM32_USB_Device_Library/Class/CDC/Src/usbd_cdc.o
                0x200000e8                USBD_CDC
 .data          0x20000120       0x1c USB_DEVICE/App/usbd_cdc_if.o
                0x20000128                USBD_Interface_fops_FS
 .data          0x2000013c       0x60 USB_DEVICE/App/usbd_desc.o
                0x2000013c                USBD_FS_DeviceDesc
                0x20000150                USBD_LangIDDesc
                0x20000154                USBD_FS_BOSDesc
                0x20000160                USBD_StringSerial
                0x2000017c                FS_Desc
 *(.data*)
 .data._impure_ptr
                0x2000019c        0x4 c:/ac6/systemworkbench/plugins/fr.ac6.mcu.externaltools.arm-none.win32_1.17.0.201812190825/tools/compiler/bin/../lib/gcc/arm-none-eabi/7.3.1/../../../../arm-none-eabi/lib/thumb/v7e-m/fpv4-sp/hard\libc_nano.a(lib_a-impure.o)
                0x2000019c                _impure_ptr
 .data.impure_data
                0x200001a0       0x60 c:/ac6/systemworkbench/plugins/fr.ac6.mcu.externaltools.arm-none.win32_1.17.0.201812190825/tools/compiler/bin/../lib/gcc/arm-none-eabi/7.3.1/../../../../arm-none-eabi/lib/thumb/v7e-m/fpv4-sp/hard\libc_nano.a(lib_a-impure.o)
                0x20000200                . = ALIGN (0x4)
                0x20000200                _edata = .

.igot.plt       0x20000200        0x0 load address 0x08005970
 .igot.plt      0x20000200        0x0 c:/ac6/systemworkbench/plugins/fr.ac6.mcu.externaltools.arm-none.win32_1.17.0.201812190825/tools/compiler/bin/../lib/gcc/arm-none-eabi/7.3.1/thumb/v7e-m/fpv4-sp/hard/crtbegin.o
                0x20000200                . = ALIGN (0x4)

.bss            0x20000200     0x1e04 load address 0x08005970
                0x20000200                _sbss = .
                0x20000200                __bss_start__ = _sbss
 *(.bss)
 .bss           0x20000200       0x1c c:/ac6/systemworkbench/plugins/fr.ac6.mcu.externaltools.arm-none.win32_1.17.0.201812190825/tools/compiler/bin/../lib/gcc/arm-none-eabi/7.3.1/thumb/v7e-m/fpv4-sp/hard/crtbegin.o
 .bss           0x2000021c        0x8 Core/Src/syscalls.o
                0x20000220                __env
 .bss           0x20000224        0x1 Middlewares/ST/STM32_USB_Device_Library/Core/Src/usbd_ctlreq.o
 *fill*         0x20000225        0x3 
 .bss           0x20000228        0xc Middlewares/Third_Party/FatFs/src/ff_gen_drv.o
                0x20000228                disk
 *(.bss*)
 .bss.__malloc_free_list
                0x20000234        0x4 c:/ac6/systemworkbench/plugins/fr.ac6.mcu.externaltools.arm-none.win32_1.17.0.201812190825/tools/compiler/bin/../lib/gcc/arm-none-eabi/7.3.1/../../../../arm-none-eabi/lib/thumb/v7e-m/fpv4-sp/hard\libc_nano.a(lib_a-nano-mallocr.o)
                0x20000234                __malloc_free_list
 .bss.__malloc_sbrk_start
                0x20000238        0x4 c:/ac6/systemworkbench/plugins/fr.ac6.mcu.externaltools.arm-none.win32_1.17.0.201812190825/tools/compiler/bin/../lib/gcc/arm-none-eabi/7.3.1/../../../../arm-none-eabi/lib/thumb/v7e-m/fpv4-sp/hard\libc_nano.a(lib_a-nano-mallocr.o)
                0x20000238                __malloc_sbrk_start
 *(COMMON)
 COMMON         0x2000023c       0x84 Core/Src/main.o
                0x2000023c                hsd1
 COMMON         0x200002c0        0x4 Drivers/STM32F7xx_HAL_Driver/Src/stm32f7xx_hal.o
                0x200002c0                uwTick
 COMMON         0x200002c4      0x468 FATFS/App/fatfs.o
                0x200002c4                retSD
                0x200002c8                SDPath
                0x200002cc                SDFile
                0x200004fc                SDFatFS
 COMMON         0x2000072c      0x2d0 USB_DEVICE/App/usb_device.o
                0x2000072c                hUsbDeviceFS
 COMMON         0x200009fc     0x1000 USB_DEVICE/App/usbd_cdc_if.o
                0x200009fc                UserRxBufferFS
                0x200011fc                UserTxBufferFS
 COMMON         0x200019fc      0x200 USB_DEVICE/App/usbd_desc.o
                0x200019fc                USBD_StrDesc
 COMMON         0x20001bfc      0x404 USB_DEVICE/Target/usbd_conf.o
                0x20001bfc                hpcd_USB_OTG_FS
 COMMON         0x20002000        0x4 c:/ac6/systemworkbench/plugins/fr.ac6.mcu.externaltools.arm-none.win32_1.17.0.201812190825/tools/compiler/bin/../lib/gcc/arm-none-eabi/7.3.1/../../../../arm-none-eabi/lib/thumb/v7e-m/fpv4-sp/hard\libc_nano.a(lib_a-reent.o)
                0x20002000                errno
                0x20002004                . = ALIGN (0x4)
                0x20002004                _ebss = .
                0x20002004                __bss_end__ = _ebss

._user_heap_stack
                0x20002004      0x604 load address 0x08005970
                0x20002008                . = ALIGN (0x8)
 *fill*         0x20002004        0x4 
                0x20002008                PROVIDE (end = .)
                [!provide]                PROVIDE (_end = .)
                0x20002208                . = (. + _Min_Heap_Size)
 *fill*         0x20002008      0x200 
                0x20002608                . = (. + _Min_Stack_Size)
 *fill*         0x20002208      0x400 
                0x20002608                . = ALIGN (0x8)

/DISCARD/
 libc.a(*)
 libm.a(*)
 libgcc.a(*)

.ARM.attributes
                0x00000000       0x30
 *(.ARM.attributes)
 .ARM.attributes
                0x00000000       0x22 c:/ac6/systemworkbench/plugins/fr.ac6.mcu.externaltools.arm-none.win32_1.17.0.201812190825/tools/compiler/bin/../lib/gcc/arm-none-eabi/7.3.1/thumb/v7e-m/fpv4-sp/hard/crti.o
 .ARM.attributes
                0x00000022       0x34 c:/ac6/systemworkbench/plugins/fr.ac6.mcu.externaltools.arm-none.win32_1.17.0.201812190825/tools/compiler/bin/../lib/gcc/arm-none-eabi/7.3.1/thumb/v7e-m/fpv4-sp/hard/crtbegin.o
 .ARM.attributes
                0x00000056       0x39 Core/Src/main.o
 .ARM.attributes
                0x0000008f       0x39 Core/Src/stm32f7xx_hal_msp.o
 .ARM.attributes
                0x000000c8       0x39 Core/Src/stm32f7xx_it.o
 .ARM.attributes
                0x00000101       0x39 Core/Src/syscalls.o
 .ARM.attributes
                0x0000013a       0x39 Core/Src/system_stm32f7xx.o
 .ARM.attributes
                0x00000173       0x39 Drivers/STM32F7xx_HAL_Driver/Src/stm32f7xx_hal.o
 .ARM.attributes
                0x000001ac       0x39 Drivers/STM32F7xx_HAL_Driver/Src/stm32f7xx_hal_cortex.o
 .ARM.attributes
                0x000001e5       0x39 Drivers/STM32F7xx_HAL_Driver/Src/stm32f7xx_hal_gpio.o
 .ARM.attributes
                0x0000021e       0x39 Drivers/STM32F7xx_HAL_Driver/Src/stm32f7xx_hal_pcd.o
 .ARM.attributes
                0x00000257       0x39 Drivers/STM32F7xx_HAL_Driver/Src/stm32f7xx_hal_pcd_ex.o
 .ARM.attributes
                0x00000290       0x39 Drivers/STM32F7xx_HAL_Driver/Src/stm32f7xx_hal_pwr.o
 .ARM.attributes
                0x000002c9       0x39 Drivers/STM32F7xx_HAL_Driver/Src/stm32f7xx_hal_pwr_ex.o
 .ARM.attributes
                0x00000302       0x39 Drivers/STM32F7xx_HAL_Driver/Src/stm32f7xx_hal_rcc.o
 .ARM.attributes
                0x0000033b       0x39 Drivers/STM32F7xx_HAL_Driver/Src/stm32f7xx_hal_rcc_ex.o
 .ARM.attributes
                0x00000374       0x39 Drivers/STM32F7xx_HAL_Driver/Src/stm32f7xx_hal_sd.o
 .ARM.attributes
                0x000003ad       0x39 Drivers/STM32F7xx_HAL_Driver/Src/stm32f7xx_ll_sdmmc.o
 .ARM.attributes
                0x000003e6       0x39 Drivers/STM32F7xx_HAL_Driver/Src/stm32f7xx_ll_usb.o
 .ARM.attributes
                0x0000041f       0x39 FATFS/App/fatfs.o
 .ARM.attributes
                0x00000458       0x39 FATFS/Target/bsp_driver_sd.o
 .ARM.attributes
                0x00000491       0x39 FATFS/Target/sd_diskio.o
 .ARM.attributes
                0x000004ca       0x39 Middlewares/ST/STM32_USB_Device_Library/Class/CDC/Src/usbd_cdc.o
 .ARM.attributes
                0x00000503       0x39 Middlewares/ST/STM32_USB_Device_Library/Core/Src/usbd_core.o
 .ARM.attributes
                0x0000053c       0x39 Middlewares/ST/STM32_USB_Device_Library/Core/Src/usbd_ctlreq.o
 .ARM.attributes
                0x00000575       0x39 Middlewares/ST/STM32_USB_Device_Library/Core/Src/usbd_ioreq.o
 .ARM.attributes
                0x000005ae       0x39 Middlewares/Third_Party/FatFs/src/ff_gen_drv.o
 .ARM.attributes
                0x000005e7       0x39 USB_DEVICE/App/usb_device.o
 .ARM.attributes
                0x00000620       0x39 USB_DEVICE/App/usbd_cdc_if.o
 .ARM.attributes
                0x00000659       0x39 USB_DEVICE/App/usbd_desc.o
 .ARM.attributes
                0x00000692       0x39 USB_DEVICE/Target/usbd_conf.o
 .ARM.attributes
                0x000006cb       0x21 startup/startup_stm32f746xx.o
 .ARM.attributes
                0x000006ec       0x22 c:/ac6/systemworkbench/plugins/fr.ac6.mcu.externaltools.arm-none.win32_1.17.0.201812190825/tools/compiler/bin/../lib/gcc/arm-none-eabi/7.3.1/thumb/v7e-m/fpv4-sp/hard\libgcc.a(_aeabi_uldivmod.o)
 .ARM.attributes
                0x0000070e       0x34 c:/ac6/systemworkbench/plugins/fr.ac6.mcu.externaltools.arm-none.win32_1.17.0.201812190825/tools/compiler/bin/../lib/gcc/arm-none-eabi/7.3.1/thumb/v7e-m/fpv4-sp/hard\libgcc.a(_udivmoddi4.o)
 .ARM.attributes
                0x00000742       0x22 c:/ac6/systemworkbench/plugins/fr.ac6.mcu.externaltools.arm-none.win32_1.17.0.201812190825/tools/compiler/bin/../lib/gcc/arm-none-eabi/7.3.1/thumb/v7e-m/fpv4-sp/hard\libgcc.a(_dvmd_tls.o)
 .ARM.attributes
                0x00000764       0x34 c:/ac6/systemworkbench/plugins/fr.ac6.mcu.externaltools.arm-none.win32_1.17.0.201812190825/tools/compiler/bin/../lib/gcc/arm-none-eabi/7.3.1/../../../../arm-none-eabi/lib/thumb/v7e-m/fpv4-sp/hard\libc_nano.a(lib_a-errno.o)
 .ARM.attributes
                0x00000798       0x34 c:/ac6/systemworkbench/plugins/fr.ac6.mcu.externaltools.arm-none.win32_1.17.0.201812190825/tools/compiler/bin/../lib/gcc/arm-none-eabi/7.3.1/../../../../arm-none-eabi/lib/thumb/v7e-m/fpv4-sp/hard\libc_nano.a(lib_a-impure.o)
 .ARM.attributes
                0x000007cc       0x34 c:/ac6/systemworkbench/plugins/fr.ac6.mcu.externaltools.arm-none.win32_1.17.0.201812190825/tools/compiler/bin/../lib/gcc/arm-none-eabi/7.3.1/../../../../arm-none-eabi/lib/thumb/v7e-m/fpv4-sp/hard\libc_nano.a(lib_a-init.o)
 .ARM.attributes
                0x00000800       0x34 c:/ac6/systemworkbench/plugins/fr.ac6.mcu.externaltools.arm-none.win32_1.17.0.201812190825/tools/compiler/bin/../lib/gcc/arm-none-eabi/7.3.1/../../../../arm-none-eabi/lib/thumb/v7e-m/fpv4-sp/hard\libc_nano.a(lib_a-malloc.o)
 .ARM.attributes
                0x00000834       0x34 c:/ac6/systemworkbench/plugins/fr.ac6.mcu.externaltools.arm-none.win32_1.17.0.201812190825/tools/compiler/bin/../lib/gcc/arm-none-eabi/7.3.1/../../../../arm-none-eabi/lib/thumb/v7e-m/fpv4-sp/hard\libc_nano.a(lib_a-memset.o)
 .ARM.attributes
                0x00000868       0x34 c:/ac6/systemworkbench/plugins/fr.ac6.mcu.externaltools.arm-none.win32_1.17.0.201812190825/tools/compiler/bin/../lib/gcc/arm-none-eabi/7.3.1/../../../../arm-none-eabi/lib/thumb/v7e-m/fpv4-sp/hard\libc_nano.a(lib_a-nano-freer.o)
 .ARM.attributes
                0x0000089c       0x34 c:/ac6/systemworkbench/plugins/fr.ac6.mcu.externaltools.arm-none.win32_1.17.0.201812190825/tools/compiler/bin/../lib/gcc/arm-none-eabi/7.3.1/../../../../arm-none-eabi/lib/thumb/v7e-m/fpv4-sp/hard\libc_nano.a(lib_a-nano-mallocr.o)
 .ARM.attributes
                0x000008d0       0x34 c:/ac6/systemworkbench/plugins/fr.ac6.mcu.externaltools.arm-none.win32_1.17.0.201812190825/tools/compiler/bin/../lib/gcc/arm-none-eabi/7.3.1/../../../../arm-none-eabi/lib/thumb/v7e-m/fpv4-sp/hard\libc_nano.a(lib_a-sbrkr.o)
 .ARM.attributes
                0x00000904       0x34 c:/ac6/systemworkbench/plugins/fr.ac6.mcu.externaltools.arm-none.win32_1.17.0.201812190825/tools/compiler/bin/../lib/gcc/arm-none-eabi/7.3.1/../../../../arm-none-eabi/lib/thumb/v7e-m/fpv4-sp/hard\libc_nano.a(lib_a-mlock.o)
 .ARM.attributes
                0x00000938       0x34 c:/ac6/systemworkbench/plugins/fr.ac6.mcu.externaltools.arm-none.win32_1.17.0.201812190825/tools/compiler/bin/../lib/gcc/arm-none-eabi/7.3.1/../../../../arm-none-eabi/lib/thumb/v7e-m/fpv4-sp/hard\libc_nano.a(lib_a-reent.o)
 .ARM.attributes
                0x0000096c       0x22 c:/ac6/systemworkbench/plugins/fr.ac6.mcu.externaltools.arm-none.win32_1.17.0.201812190825/tools/compiler/bin/../lib/gcc/arm-none-eabi/7.3.1/thumb/v7e-m/fpv4-sp/hard/crtn.o
OUTPUT(NUCLEO.elf elf32-littlearm)

.debug_info     0x00000000    0x1f96d
 .debug_info    0x00000000     0x2289 Core/Src/main.o
 .debug_info    0x00002289      0xb57 Core/Src/stm32f7xx_hal_msp.o
 .debug_info    0x00002de0      0x6f9 Core/Src/stm32f7xx_it.o
 .debug_info    0x000034d9      0xfd3 Core/Src/syscalls.o
 .debug_info    0x000044ac      0x742 Core/Src/system_stm32f7xx.o
 .debug_info    0x00004bee      0xa7f Drivers/STM32F7xx_HAL_Driver/Src/stm32f7xx_hal.o
 .debug_info    0x0000566d     0x11ae Drivers/STM32F7xx_HAL_Driver/Src/stm32f7xx_hal_cortex.o
 .debug_info    0x0000681b      0x7f7 Drivers/STM32F7xx_HAL_Driver/Src/stm32f7xx_hal_gpio.o
 .debug_info    0x00007012     0x189f Drivers/STM32F7xx_HAL_Driver/Src/stm32f7xx_hal_pcd.o
 .debug_info    0x000088b1      0x80f Drivers/STM32F7xx_HAL_Driver/Src/stm32f7xx_hal_pcd_ex.o
 .debug_info    0x000090c0      0x9c2 Drivers/STM32F7xx_HAL_Driver/Src/stm32f7xx_hal_pwr.o
 .debug_info    0x00009a82      0xa48 Drivers/STM32F7xx_HAL_Driver/Src/stm32f7xx_hal_pwr_ex.o
 .debug_info    0x0000a4ca      0xb3f Drivers/STM32F7xx_HAL_Driver/Src/stm32f7xx_hal_rcc.o
 .debug_info    0x0000b009      0x8a5 Drivers/STM32F7xx_HAL_Driver/Src/stm32f7xx_hal_rcc_ex.o
 .debug_info    0x0000b8ae     0x2314 Drivers/STM32F7xx_HAL_Driver/Src/stm32f7xx_hal_sd.o
 .debug_info    0x0000dbc2     0x173e Drivers/STM32F7xx_HAL_Driver/Src/stm32f7xx_ll_sdmmc.o
 .debug_info    0x0000f300     0x1c0b Drivers/STM32F7xx_HAL_Driver/Src/stm32f7xx_ll_usb.o
 .debug_info    0x00010f0b      0xdb9 FATFS/App/fatfs.o
 .debug_info    0x00011cc4      0xba1 FATFS/Target/bsp_driver_sd.o
 .debug_info    0x00012865      0xe37 FATFS/Target/sd_diskio.o
 .debug_info    0x0001369c     0x1bb7 Middlewares/ST/STM32_USB_Device_Library/Class/CDC/Src/usbd_cdc.o
 .debug_info    0x00015253     0x1601 Middlewares/ST/STM32_USB_Device_Library/Core/Src/usbd_core.o
 .debug_info    0x00016854     0x1aad Middlewares/ST/STM32_USB_Device_Library/Core/Src/usbd_ctlreq.o
 .debug_info    0x00018301     0x10ba Middlewares/ST/STM32_USB_Device_Library/Core/Src/usbd_ioreq.o
 .debug_info    0x000193bb      0xcc1 Middlewares/Third_Party/FatFs/src/ff_gen_drv.o
 .debug_info    0x0001a07c      0xfd8 USB_DEVICE/App/usb_device.o
 .debug_info    0x0001b054     0x1210 USB_DEVICE/App/usbd_cdc_if.o
 .debug_info    0x0001c264      0xed7 USB_DEVICE/App/usbd_desc.o
 .debug_info    0x0001d13b     0x2810 USB_DEVICE/Target/usbd_conf.o
 .debug_info    0x0001f94b       0x22 startup/startup_stm32f746xx.o

.debug_abbrev   0x00000000     0x4480
 .debug_abbrev  0x00000000      0x319 Core/Src/main.o
 .debug_abbrev  0x00000319      0x1a9 Core/Src/stm32f7xx_hal_msp.o
 .debug_abbrev  0x000004c2      0x193 Core/Src/stm32f7xx_it.o
 .debug_abbrev  0x00000655      0x2d4 Core/Src/syscalls.o
 .debug_abbrev  0x00000929      0x147 Core/Src/system_stm32f7xx.o
 .debug_abbrev  0x00000a70      0x1ed Drivers/STM32F7xx_HAL_Driver/Src/stm32f7xx_hal.o
 .debug_abbrev  0x00000c5d      0x328 Drivers/STM32F7xx_HAL_Driver/Src/stm32f7xx_hal_cortex.o
 .debug_abbrev  0x00000f85      0x1e7 Drivers/STM32F7xx_HAL_Driver/Src/stm32f7xx_hal_gpio.o
 .debug_abbrev  0x0000116c      0x294 Drivers/STM32F7xx_HAL_Driver/Src/stm32f7xx_hal_pcd.o
 .debug_abbrev  0x00001400      0x1de Drivers/STM32F7xx_HAL_Driver/Src/stm32f7xx_hal_pcd_ex.o
 .debug_abbrev  0x000015de      0x1b8 Drivers/STM32F7xx_HAL_Driver/Src/stm32f7xx_hal_pwr.o
 .debug_abbrev  0x00001796      0x1c0 Drivers/STM32F7xx_HAL_Driver/Src/stm32f7xx_hal_pwr_ex.o
 .debug_abbrev  0x00001956      0x241 Drivers/STM32F7xx_HAL_Driver/Src/stm32f7xx_hal_rcc.o
 .debug_abbrev  0x00001b97      0x1de Drivers/STM32F7xx_HAL_Driver/Src/stm32f7xx_hal_rcc_ex.o
 .debug_abbrev  0x00001d75      0x262 Drivers/STM32F7xx_HAL_Driver/Src/stm32f7xx_hal_sd.o
 .debug_abbrev  0x00001fd7      0x1f2 Drivers/STM32F7xx_HAL_Driver/Src/stm32f7xx_ll_sdmmc.o
 .debug_abbrev  0x000021c9      0x2b3 Drivers/STM32F7xx_HAL_Driver/Src/stm32f7xx_ll_usb.o
 .debug_abbrev  0x0000247c      0x23f FATFS/App/fatfs.o
 .debug_abbrev  0x000026bb      0x21b FATFS/Target/bsp_driver_sd.o
 .debug_abbrev  0x000028d6      0x272 FATFS/Target/sd_diskio.o
 .debug_abbrev  0x00002b48      0x323 Middlewares/ST/STM32_USB_Device_Library/Class/CDC/Src/usbd_cdc.o
 .debug_abbrev  0x00002e6b      0x2b9 Middlewares/ST/STM32_USB_Device_Library/Core/Src/usbd_core.o
 .debug_abbrev  0x00003124      0x39a Middlewares/ST/STM32_USB_Device_Library/Core/Src/usbd_ctlreq.o
 .debug_abbrev  0x000034be      0x224 Middlewares/ST/STM32_USB_Device_Library/Core/Src/usbd_ioreq.o
 .debug_abbrev  0x000036e2      0x276 Middlewares/Third_Party/FatFs/src/ff_gen_drv.o
 .debug_abbrev  0x00003958      0x22b USB_DEVICE/App/usb_device.o
 .debug_abbrev  0x00003b83      0x323 USB_DEVICE/App/usbd_cdc_if.o
 .debug_abbrev  0x00003ea6      0x2ab USB_DEVICE/App/usbd_desc.o
 .debug_abbrev  0x00004151      0x31d USB_DEVICE/Target/usbd_conf.o
 .debug_abbrev  0x0000446e       0x12 startup/startup_stm32f746xx.o

.debug_aranges  0x00000000     0x1118
 .debug_aranges
                0x00000000       0x40 Core/Src/main.o
 .debug_aranges
                0x00000040       0x30 Core/Src/stm32f7xx_hal_msp.o
 .debug_aranges
                0x00000070       0x68 Core/Src/stm32f7xx_it.o
 .debug_aranges
                0x000000d8       0xb0 Core/Src/syscalls.o
 .debug_aranges
                0x00000188       0x28 Core/Src/system_stm32f7xx.o
 .debug_aranges
                0x000001b0      0x100 Drivers/STM32F7xx_HAL_Driver/Src/stm32f7xx_hal.o
 .debug_aranges
                0x000002b0       0xa8 Drivers/STM32F7xx_HAL_Driver/Src/stm32f7xx_hal_cortex.o
 .debug_aranges
                0x00000358       0x58 Drivers/STM32F7xx_HAL_Driver/Src/stm32f7xx_hal_gpio.o
 .debug_aranges
                0x000003b0      0x138 Drivers/STM32F7xx_HAL_Driver/Src/stm32f7xx_hal_pcd.o
 .debug_aranges
                0x000004e8       0x48 Drivers/STM32F7xx_HAL_Driver/Src/stm32f7xx_hal_pcd_ex.o
 .debug_aranges
                0x00000530       0xa0 Drivers/STM32F7xx_HAL_Driver/Src/stm32f7xx_hal_pwr.o
 .debug_aranges
                0x000005d0       0x80 Drivers/STM32F7xx_HAL_Driver/Src/stm32f7xx_hal_pwr_ex.o
 .debug_aranges
                0x00000650       0x88 Drivers/STM32F7xx_HAL_Driver/Src/stm32f7xx_hal_rcc.o
 .debug_aranges
                0x000006d8       0x50 Drivers/STM32F7xx_HAL_Driver/Src/stm32f7xx_hal_rcc_ex.o
 .debug_aranges
                0x00000728      0x168 Drivers/STM32F7xx_HAL_Driver/Src/stm32f7xx_hal_sd.o
 .debug_aranges
                0x00000890      0x180 Drivers/STM32F7xx_HAL_Driver/Src/stm32f7xx_ll_sdmmc.o
 .debug_aranges
                0x00000a10      0x198 Drivers/STM32F7xx_HAL_Driver/Src/stm32f7xx_ll_usb.o
 .debug_aranges
                0x00000ba8       0x28 FATFS/App/fatfs.o
 .debug_aranges
                0x00000bd0       0x98 FATFS/Target/bsp_driver_sd.o
 .debug_aranges
                0x00000c68       0x48 FATFS/Target/sd_diskio.o
 .debug_aranges
                0x00000cb0       0x90 Middlewares/ST/STM32_USB_Device_Library/Class/CDC/Src/usbd_cdc.o
 .debug_aranges
                0x00000d40       0xb8 Middlewares/ST/STM32_USB_Device_Library/Core/Src/usbd_core.o
 .debug_aranges
                0x00000df8       0x88 Middlewares/ST/STM32_USB_Device_Library/Core/Src/usbd_ctlreq.o
 .debug_aranges
                0x00000e80       0x50 Middlewares/ST/STM32_USB_Device_Library/Core/Src/usbd_ioreq.o
 .debug_aranges
                0x00000ed0       0x40 Middlewares/Third_Party/FatFs/src/ff_gen_drv.o
 .debug_aranges
                0x00000f10       0x20 USB_DEVICE/App/usb_device.o
 .debug_aranges
                0x00000f30       0x48 USB_DEVICE/App/usbd_cdc_if.o
 .debug_aranges
                0x00000f78       0x68 USB_DEVICE/App/usbd_desc.o
 .debug_aranges
                0x00000fe0      0x110 USB_DEVICE/Target/usbd_conf.o
 .debug_aranges
                0x000010f0       0x28 startup/startup_stm32f746xx.o

.debug_ranges   0x00000000      0xfa0
 .debug_ranges  0x00000000       0x30 Core/Src/main.o
 .debug_ranges  0x00000030       0x20 Core/Src/stm32f7xx_hal_msp.o
 .debug_ranges  0x00000050       0x58 Core/Src/stm32f7xx_it.o
 .debug_ranges  0x000000a8       0xa0 Core/Src/syscalls.o
 .debug_ranges  0x00000148       0x18 Core/Src/system_stm32f7xx.o
 .debug_ranges  0x00000160       0xf0 Drivers/STM32F7xx_HAL_Driver/Src/stm32f7xx_hal.o
 .debug_ranges  0x00000250       0xf8 Drivers/STM32F7xx_HAL_Driver/Src/stm32f7xx_hal_cortex.o
 .debug_ranges  0x00000348       0x48 Drivers/STM32F7xx_HAL_Driver/Src/stm32f7xx_hal_gpio.o
 .debug_ranges  0x00000390      0x128 Drivers/STM32F7xx_HAL_Driver/Src/stm32f7xx_hal_pcd.o
 .debug_ranges  0x000004b8       0x38 Drivers/STM32F7xx_HAL_Driver/Src/stm32f7xx_hal_pcd_ex.o
 .debug_ranges  0x000004f0       0x90 Drivers/STM32F7xx_HAL_Driver/Src/stm32f7xx_hal_pwr.o
 .debug_ranges  0x00000580       0x70 Drivers/STM32F7xx_HAL_Driver/Src/stm32f7xx_hal_pwr_ex.o
 .debug_ranges  0x000005f0       0x78 Drivers/STM32F7xx_HAL_Driver/Src/stm32f7xx_hal_rcc.o
 .debug_ranges  0x00000668       0x40 Drivers/STM32F7xx_HAL_Driver/Src/stm32f7xx_hal_rcc_ex.o
 .debug_ranges  0x000006a8      0x158 Drivers/STM32F7xx_HAL_Driver/Src/stm32f7xx_hal_sd.o
 .debug_ranges  0x00000800      0x170 Drivers/STM32F7xx_HAL_Driver/Src/stm32f7xx_ll_sdmmc.o
 .debug_ranges  0x00000970      0x188 Drivers/STM32F7xx_HAL_Driver/Src/stm32f7xx_ll_usb.o
 .debug_ranges  0x00000af8       0x18 FATFS/App/fatfs.o
 .debug_ranges  0x00000b10       0x88 FATFS/Target/bsp_driver_sd.o
 .debug_ranges  0x00000b98       0x38 FATFS/Target/sd_diskio.o
 .debug_ranges  0x00000bd0       0x80 Middlewares/ST/STM32_USB_Device_Library/Class/CDC/Src/usbd_cdc.o
 .debug_ranges  0x00000c50       0xa8 Middlewares/ST/STM32_USB_Device_Library/Core/Src/usbd_core.o
 .debug_ranges  0x00000cf8       0x78 Middlewares/ST/STM32_USB_Device_Library/Core/Src/usbd_ctlreq.o
 .debug_ranges  0x00000d70       0x40 Middlewares/ST/STM32_USB_Device_Library/Core/Src/usbd_ioreq.o
 .debug_ranges  0x00000db0       0x30 Middlewares/Third_Party/FatFs/src/ff_gen_drv.o
 .debug_ranges  0x00000de0       0x10 USB_DEVICE/App/usb_device.o
 .debug_ranges  0x00000df0       0x38 USB_DEVICE/App/usbd_cdc_if.o
 .debug_ranges  0x00000e28       0x58 USB_DEVICE/App/usbd_desc.o
 .debug_ranges  0x00000e80      0x100 USB_DEVICE/Target/usbd_conf.o
 .debug_ranges  0x00000f80       0x20 startup/startup_stm32f746xx.o

.debug_macro    0x00000000    0x2a5f4
 .debug_macro   0x00000000      0x48a Core/Src/main.o
 .debug_macro   0x0000048a      0xa54 Core/Src/main.o
 .debug_macro   0x00000ede      0x293 Core/Src/main.o
 .debug_macro   0x00001171       0x2e Core/Src/main.o
 .debug_macro   0x0000119f       0x3b Core/Src/main.o
 .debug_macro   0x000011da       0x22 Core/Src/main.o
 .debug_macro   0x000011fc       0x8e Core/Src/main.o
 .debug_macro   0x0000128a       0x51 Core/Src/main.o
 .debug_macro   0x000012db       0xef Core/Src/main.o
 .debug_macro   0x000013ca       0x6a Core/Src/main.o
 .debug_macro   0x00001434      0x1df Core/Src/main.o
 .debug_macro   0x00001613       0x1c Core/Src/main.o
 .debug_macro   0x0000162f       0x22 Core/Src/main.o
 .debug_macro   0x00001651       0xdf Core/Src/main.o
 .debug_macro   0x00001730     0x12cd Core/Src/main.o
 .debug_macro   0x000029fd      0x11f Core/Src/main.o
 .debug_macro   0x00002b1c       0x19 Core/Src/main.o
 .debug_macro   0x00002b35    0x191cb Core/Src/main.o
 .debug_macro   0x0001bd00       0x43 Core/Src/main.o
 .debug_macro   0x0001bd43     0x36c9 Core/Src/main.o
 .debug_macro   0x0001f40c      0x174 Core/Src/main.o
 .debug_macro   0x0001f580       0x63 Core/Src/main.o
 .debug_macro   0x0001f5e3     0x18ad Core/Src/main.o
 .debug_macro   0x00020e90      0x6c4 Core/Src/main.o
 .debug_macro   0x00021554      0x185 Core/Src/main.o
 .debug_macro   0x000216d9      0x117 Core/Src/main.o
 .debug_macro   0x000217f0      0x1fe Core/Src/main.o
 .debug_macro   0x000219ee       0x27 Core/Src/main.o
 .debug_macro   0x00021a15      0x24f Core/Src/main.o
 .debug_macro   0x00021c64       0x41 Core/Src/main.o
 .debug_macro   0x00021ca5       0x58 Core/Src/main.o
 .debug_macro   0x00021cfd      0x236 Core/Src/main.o
 .debug_macro   0x00021f33      0x14f Core/Src/main.o
 .debug_macro   0x00022082      0x25b Core/Src/main.o
 .debug_macro   0x000222dd       0x12 Core/Src/main.o
 .debug_macro   0x000222ef      0x22c Core/Src/main.o
 .debug_macro   0x0002251b       0x61 Core/Src/main.o
 .debug_macro   0x0002257c       0xa5 Core/Src/main.o
 .debug_macro   0x00022621      0x12f Core/Src/main.o
 .debug_macro   0x00022750      0x108 Core/Src/main.o
 .debug_macro   0x00022858       0x35 Core/Src/main.o
 .debug_macro   0x0002288d      0x773 Core/Src/main.o
 .debug_macro   0x00023000      0x1d5 Core/Src/main.o
 .debug_macro   0x000231d5      0x233 Core/Src/main.o
 .debug_macro   0x00023408       0xba Core/Src/main.o
 .debug_macro   0x000234c2      0x14e Core/Src/main.o
 .debug_macro   0x00023610      0x13c Core/Src/main.o
 .debug_macro   0x0002374c       0x40 Core/Src/main.o
 .debug_macro   0x0002378c       0xe5 Core/Src/main.o
 .debug_macro   0x00023871       0x18 Core/Src/main.o
 .debug_macro   0x00023889       0x5e Core/Src/main.o
 .debug_macro   0x000238e7       0x35 Core/Src/main.o
 .debug_macro   0x0002391c       0x34 Core/Src/main.o
 .debug_macro   0x00023950       0x16 Core/Src/main.o
 .debug_macro   0x00023966       0x35 Core/Src/main.o
 .debug_macro   0x0002399b       0x58 Core/Src/main.o
 .debug_macro   0x000239f3       0x1f Core/Src/main.o
 .debug_macro   0x00023a12       0x43 Core/Src/main.o
 .debug_macro   0x00023a55       0x20 Core/Src/main.o
 .debug_macro   0x00023a75      0x18e Core/Src/main.o
 .debug_macro   0x00023c03      0x32a Core/Src/main.o
 .debug_macro   0x00023f2d       0x16 Core/Src/main.o
 .debug_macro   0x00023f43       0x29 Core/Src/main.o
 .debug_macro   0x00023f6c       0x12 Core/Src/main.o
 .debug_macro   0x00023f7e       0xe2 Core/Src/main.o
 .debug_macro   0x00024060       0x8e Core/Src/main.o
 .debug_macro   0x000240ee       0x1c Core/Src/main.o
 .debug_macro   0x0002410a       0x10 Core/Src/main.o
 .debug_macro   0x0002411a       0x10 Core/Src/main.o
 .debug_macro   0x0002412a       0x1c Core/Src/main.o
 .debug_macro   0x00024146       0x52 Core/Src/main.o
 .debug_macro   0x00024198       0x40 Core/Src/main.o
 .debug_macro   0x000241d8       0x10 Core/Src/main.o
 .debug_macro   0x000241e8       0x40 Core/Src/main.o
 .debug_macro   0x00024228       0xd7 Core/Src/main.o
 .debug_macro   0x000242ff       0x1c Core/Src/main.o
 .debug_macro   0x0002431b       0x3d Core/Src/main.o
 .debug_macro   0x00024358       0x16 Core/Src/main.o
 .debug_macro   0x0002436e      0x16f Core/Src/main.o
 .debug_macro   0x000244dd       0x16 Core/Src/main.o
 .debug_macro   0x000244f3       0x65 Core/Src/main.o
 .debug_macro   0x00024558      0x1c4 Core/Src/main.o
 .debug_macro   0x0002471c       0x8f Core/Src/main.o
 .debug_macro   0x000247ab       0x10 Core/Src/main.o
 .debug_macro   0x000247bb      0x207 Core/Src/stm32f7xx_hal_msp.o
 .debug_macro   0x000249c2      0x211 Core/Src/stm32f7xx_it.o
 .debug_macro   0x00024bd3      0x243 Core/Src/syscalls.o
 .debug_macro   0x00024e16       0x58 Core/Src/syscalls.o
 .debug_macro   0x00024e6e       0x94 Core/Src/syscalls.o
 .debug_macro   0x00024f02       0x57 Core/Src/syscalls.o
 .debug_macro   0x00024f59      0x330 Core/Src/syscalls.o
 .debug_macro   0x00025289       0x10 Core/Src/syscalls.o
 .debug_macro   0x00025299       0x10 Core/Src/syscalls.o
 .debug_macro   0x000252a9       0x10 Core/Src/syscalls.o
 .debug_macro   0x000252b9       0x35 Core/Src/syscalls.o
 .debug_macro   0x000252ee      0x122 Core/Src/syscalls.o
 .debug_macro   0x00025410       0x10 Core/Src/syscalls.o
 .debug_macro   0x00025420      0x241 Core/Src/syscalls.o
 .debug_macro   0x00025661       0x10 Core/Src/syscalls.o
 .debug_macro   0x00025671      0x189 Core/Src/syscalls.o
 .debug_macro   0x000257fa       0x16 Core/Src/syscalls.o
 .debug_macro   0x00025810       0x88 Core/Src/syscalls.o
 .debug_macro   0x00025898      0x1f8 Core/Src/system_stm32f7xx.o
 .debug_macro   0x00025a90      0x21c Drivers/STM32F7xx_HAL_Driver/Src/stm32f7xx_hal.o
 .debug_macro   0x00025cac      0x1f8 Drivers/STM32F7xx_HAL_Driver/Src/stm32f7xx_hal_cortex.o
 .debug_macro   0x00025ea4      0x22e Drivers/STM32F7xx_HAL_Driver/Src/stm32f7xx_hal_gpio.o
 .debug_macro   0x000260d2      0x204 Drivers/STM32F7xx_HAL_Driver/Src/stm32f7xx_hal_pcd.o
 .debug_macro   0x000262d6      0x1f8 Drivers/STM32F7xx_HAL_Driver/Src/stm32f7xx_hal_pcd_ex.o
 .debug_macro   0x000264ce      0x216 Drivers/STM32F7xx_HAL_Driver/Src/stm32f7xx_hal_pwr.o
 .debug_macro   0x000266e4      0x210 Drivers/STM32F7xx_HAL_Driver/Src/stm32f7xx_hal_pwr_ex.o
 .debug_macro   0x000268f4      0x21c Drivers/STM32F7xx_HAL_Driver/Src/stm32f7xx_hal_rcc.o
 .debug_macro   0x00026b10      0x1f8 Drivers/STM32F7xx_HAL_Driver/Src/stm32f7xx_hal_rcc_ex.o
 .debug_macro   0x00026d08      0x1f9 Drivers/STM32F7xx_HAL_Driver/Src/stm32f7xx_hal_sd.o
 .debug_macro   0x00026f01      0x1f9 Drivers/STM32F7xx_HAL_Driver/Src/stm32f7xx_ll_sdmmc.o
 .debug_macro   0x000270fa      0x1f8 Drivers/STM32F7xx_HAL_Driver/Src/stm32f7xx_ll_usb.o
 .debug_macro   0x000272f2      0x328 FATFS/App/fatfs.o
 .debug_macro   0x0002761a      0x207 FATFS/Target/bsp_driver_sd.o
 .debug_macro   0x00027821       0x3a FATFS/Target/bsp_driver_sd.o
 .debug_macro   0x0002785b      0x32f FATFS/Target/sd_diskio.o
 .debug_macro   0x00027b8a       0x16 FATFS/Target/sd_diskio.o
 .debug_macro   0x00027ba0       0x7c FATFS/Target/sd_diskio.o
 .debug_macro   0x00027c1c      0x40f Middlewares/ST/STM32_USB_Device_Library/Class/CDC/Src/usbd_cdc.o
 .debug_macro   0x0002802b       0x16 Middlewares/ST/STM32_USB_Device_Library/Class/CDC/Src/usbd_cdc.o
 .debug_macro   0x00028041       0x97 Middlewares/ST/STM32_USB_Device_Library/Class/CDC/Src/usbd_cdc.o
 .debug_macro   0x000280d8       0xfd Middlewares/ST/STM32_USB_Device_Library/Class/CDC/Src/usbd_cdc.o
 .debug_macro   0x000281d5       0xd9 Middlewares/ST/STM32_USB_Device_Library/Class/CDC/Src/usbd_cdc.o
 .debug_macro   0x000282ae       0x5d Middlewares/ST/STM32_USB_Device_Library/Class/CDC/Src/usbd_cdc.o
 .debug_macro   0x0002830b      0x3f6 Middlewares/ST/STM32_USB_Device_Library/Core/Src/usbd_core.o
 .debug_macro   0x00028701      0x1ca Middlewares/ST/STM32_USB_Device_Library/Core/Src/usbd_core.o
 .debug_macro   0x000288cb      0x400 Middlewares/ST/STM32_USB_Device_Library/Core/Src/usbd_ctlreq.o
 .debug_macro   0x00028ccb      0x3fc Middlewares/ST/STM32_USB_Device_Library/Core/Src/usbd_ioreq.o
 .debug_macro   0x000290c7      0x315 Middlewares/Third_Party/FatFs/src/ff_gen_drv.o
 .debug_macro   0x000293dc      0x42f USB_DEVICE/App/usb_device.o
 .debug_macro   0x0002980b      0x142 USB_DEVICE/App/usb_device.o
 .debug_macro   0x0002994d       0x22 USB_DEVICE/App/usb_device.o
 .debug_macro   0x0002996f       0x16 USB_DEVICE/App/usb_device.o
 .debug_macro   0x00029985      0x41a USB_DEVICE/App/usbd_cdc_if.o
 .debug_macro   0x00029d9f      0x439 USB_DEVICE/App/usbd_desc.o
 .debug_macro   0x0002a1d8       0x1c USB_DEVICE/App/usbd_desc.o
 .debug_macro   0x0002a1f4      0x400 USB_DEVICE/Target/usbd_conf.o

.debug_line     0x00000000    0x11894
 .debug_line    0x00000000      0xb7a Core/Src/main.o
 .debug_line    0x00000b7a      0x712 Core/Src/stm32f7xx_hal_msp.o
 .debug_line    0x0000128c      0x773 Core/Src/stm32f7xx_it.o
 .debug_line    0x000019ff      0x5d6 Core/Src/syscalls.o
 .debug_line    0x00001fd5      0x6f0 Core/Src/system_stm32f7xx.o
 .debug_line    0x000026c5      0x8f3 Drivers/STM32F7xx_HAL_Driver/Src/stm32f7xx_hal.o
 .debug_line    0x00002fb8      0x922 Drivers/STM32F7xx_HAL_Driver/Src/stm32f7xx_hal_cortex.o
 .debug_line    0x000038da      0x85d Drivers/STM32F7xx_HAL_Driver/Src/stm32f7xx_hal_gpio.o
 .debug_line    0x00004137      0xcc7 Drivers/STM32F7xx_HAL_Driver/Src/stm32f7xx_hal_pcd.o
 .debug_line    0x00004dfe      0x759 Drivers/STM32F7xx_HAL_Driver/Src/stm32f7xx_hal_pcd_ex.o
 .debug_line    0x00005557      0x840 Drivers/STM32F7xx_HAL_Driver/Src/stm32f7xx_hal_pwr.o
 .debug_line    0x00005d97      0x80a Drivers/STM32F7xx_HAL_Driver/Src/stm32f7xx_hal_pwr_ex.o
 .debug_line    0x000065a1      0x9a6 Drivers/STM32F7xx_HAL_Driver/Src/stm32f7xx_hal_rcc.o
 .debug_line    0x00006f47      0x8fa Drivers/STM32F7xx_HAL_Driver/Src/stm32f7xx_hal_rcc_ex.o
 .debug_line    0x00007841      0xf87 Drivers/STM32F7xx_HAL_Driver/Src/stm32f7xx_hal_sd.o
 .debug_line    0x000087c8      0xb7b Drivers/STM32F7xx_HAL_Driver/Src/stm32f7xx_ll_sdmmc.o
 .debug_line    0x00009343      0xda1 Drivers/STM32F7xx_HAL_Driver/Src/stm32f7xx_ll_usb.o
 .debug_line    0x0000a0e4      0x839 FATFS/App/fatfs.o
 .debug_line    0x0000a91d      0x7ec FATFS/Target/bsp_driver_sd.o
 .debug_line    0x0000b109      0x8c7 FATFS/Target/sd_diskio.o
 .debug_line    0x0000b9d0      0xb5f Middlewares/ST/STM32_USB_Device_Library/Class/CDC/Src/usbd_cdc.o
 .debug_line    0x0000c52f      0xb4b Middlewares/ST/STM32_USB_Device_Library/Core/Src/usbd_core.o
 .debug_line    0x0000d07a      0xc7d Middlewares/ST/STM32_USB_Device_Library/Core/Src/usbd_ctlreq.o
 .debug_line    0x0000dcf7      0x9a6 Middlewares/ST/STM32_USB_Device_Library/Core/Src/usbd_ioreq.o
 .debug_line    0x0000e69d      0x84c Middlewares/Third_Party/FatFs/src/ff_gen_drv.o
 .debug_line    0x0000eee9      0x9ae USB_DEVICE/App/usb_device.o
 .debug_line    0x0000f897      0x9f0 USB_DEVICE/App/usbd_cdc_if.o
 .debug_line    0x00010287      0x9ec USB_DEVICE/App/usbd_desc.o
 .debug_line    0x00010c73      0xba0 USB_DEVICE/Target/usbd_conf.o
 .debug_line    0x00011813       0x81 startup/startup_stm32f746xx.o

.debug_str      0x00000000    0xeb426
 .debug_str     0x00000000    0xe5ece Core/Src/main.o
                              0xe6814 (size before relaxing)
 .debug_str     0x000e5ece       0x5c Core/Src/stm32f7xx_hal_msp.o
                              0xe0b11 (size before relaxing)
 .debug_str     0x000e5f2a      0x42b Core/Src/stm32f7xx_it.o
                              0xe0932 (size before relaxing)
 .debug_str     0x000e6355     0x113b Core/Src/syscalls.o
                               0x8595 (size before relaxing)
 .debug_str     0x000e7490      0x178 Core/Src/system_stm32f7xx.o
                              0xe0220 (size before relaxing)
 .debug_str     0x000e7608      0x93b Drivers/STM32F7xx_HAL_Driver/Src/stm32f7xx_hal.o
                              0xe0b2c (size before relaxing)
 .debug_str     0x000e7f43      0x34a Drivers/STM32F7xx_HAL_Driver/Src/stm32f7xx_hal_cortex.o
                              0xe0b8e (size before relaxing)
 .debug_str     0x000e828d      0x219 Drivers/STM32F7xx_HAL_Driver/Src/stm32f7xx_hal_gpio.o
                              0xe040b (size before relaxing)
 .debug_str     0x000e84a6      0x7e8 Drivers/STM32F7xx_HAL_Driver/Src/stm32f7xx_hal_pcd.o
                              0xe0bdb (size before relaxing)
 .debug_str     0x000e8c8e      0x140 Drivers/STM32F7xx_HAL_Driver/Src/stm32f7xx_hal_pcd_ex.o